Looking in links: d:\a\Waveframe-Guard\Waveframe-Guard\acceptance-output\ledger-extra\retained-base\dist, d:\a\Waveframe-Guard\Waveframe-Guard\acceptance-output\ledger-extra\retained-base
Processing d:\a\waveframe-guard\waveframe-guard\acceptance-output\package\waveframe_guard-0.19.0-py3-none-any.whl
Collecting requests<3.0.0,>=2.33.0
  Using cached requests-2.34.2-py3-none-any.whl (73 kB)
Collecting cricore<0.15.0,>=0.13.0
  Using cached cricore-0.14.0-py3-none-any.whl (45 kB)
Collecting cricore-proposal-normalizer<0.3.0,>=0.2.0
  Using cached cricore_proposal_normalizer-0.2.0-py3-none-any.whl (10 kB)
Processing d:\a\waveframe-guard\waveframe-guard\acceptance-output\ledger-extra\retained-base\dist\governance_ledger-0.9.0-py3-none-any.whl
Processing d:\a\waveframe-guard\waveframe-guard\acceptance-output\ledger-extra\retained-base\cricore_contract_compiler-0.5.0-py3-none-any.whl
Collecting certifi>=2023.5.7
  Using cached certifi-2026.7.22-py3-none-any.whl (136 kB)
Collecting urllib3<3,>=1.26
  Using cached urllib3-2.7.0-py3-none-any.whl (131 kB)
Collecting idna<4,>=2.5
  Using cached idna-3.19-py3-none-any.whl (68 kB)
Collecting charset_normalizer<4,>=2
  Using cached charset_normalizer-3.5.1-cp310-cp310-win_amd64.whl (206 kB)
Requirement already satisfied: jsonschema>=4 in d:\a\waveframe-guard\waveframe-guard\acceptance-output\ledger-extra\upgrade-environment\lib\site-packages (from cricore-contract-compiler<0.6.0,>=0.5.0->governance-ledger<0.10.0,>=0.9.0->waveframe-guard==0.19.0) (4.26.0)
Requirement already satisfied: jsonschema-specifications>=2023.03.6 in d:\a\waveframe-guard\waveframe-guard\acceptance-output\ledger-extra\upgrade-environment\lib\site-packages (from jsonschema>=4->cricore-contract-compiler<0.6.0,>=0.5.0->governance-ledger<0.10.0,>=0.9.0->waveframe-guard==0.19.0) (2025.9.1)
Requirement already satisfied: attrs>=22.2.0 in d:\a\waveframe-guard\waveframe-guard\acceptance-output\ledger-extra\upgrade-environment\lib\site-packages (from jsonschema>=4->cricore-contract-compiler<0.6.0,>=0.5.0->governance-ledger<0.10.0,>=0.9.0->waveframe-guard==0.19.0) (26.1.0)
Requirement already satisfied: referencing>=0.28.4 in d:\a\waveframe-guard\waveframe-guard\acceptance-output\ledger-extra\upgrade-environment\lib\site-packages (from jsonschema>=4->cricore-contract-compiler<0.6.0,>=0.5.0->governance-ledger<0.10.0,>=0.9.0->waveframe-guard==0.19.0) (0.37.0)
Requirement already satisfied: rpds-py>=0.25.0 in d:\a\waveframe-guard\waveframe-guard\acceptance-output\ledger-extra\upgrade-environment\lib\site-packages (from jsonschema>=4->cricore-contract-compiler<0.6.0,>=0.5.0->governance-ledger<0.10.0,>=0.9.0->waveframe-guard==0.19.0) (0.30.0)
Requirement already satisfied: typing-extensions>=4.4.0 in d:\a\waveframe-guard\waveframe-guard\acceptance-output\ledger-extra\upgrade-environment\lib\site-packages (from referencing>=0.28.4->jsonschema>=4->cricore-contract-compiler<0.6.0,>=0.5.0->governance-ledger<0.10.0,>=0.9.0->waveframe-guard==0.19.0) (4.16.0)
Installing collected packages: urllib3, idna, cricore-proposal-normalizer, cricore, charset_normalizer, certifi, requests, cricore-contract-compiler, governance-ledger, waveframe-guard
  Attempting uninstall: cricore-contract-compiler
    Found existing installation: cricore-contract-compiler 0.4.0
    Uninstalling cricore-contract-compiler-0.4.0:
      Successfully uninstalled cricore-contract-compiler-0.4.0
  Attempting uninstall: governance-ledger
    Found existing installation: governance-ledger 0.8.0
    Uninstalling governance-ledger-0.8.0:
      Successfully uninstalled governance-ledger-0.8.0
Successfully installed certifi-2026.7.22 charset_normalizer-3.5.1 cricore-0.14.0 cricore-contract-compiler-0.5.0 cricore-proposal-normalizer-0.2.0 governance-ledger-0.9.0 idna-3.19 requests-2.34.2 urllib3-2.7.0 waveframe-guard-0.19.0

[notice] A new release of pip is available: 23.0.1 -> 26.2.1
[notice] To update, run: D:\a\Waveframe-Guard\Waveframe-Guard\acceptance-output\ledger-extra\upgrade-environment\Scripts\python.exe -m pip install --upgrade pip
