Processing d:\a\waveframe-guard\waveframe-guard\acceptance-output\package\waveframe_guard-0.19.0-py3-none-any.whl
Collecting governance-ledger==0.8.0
  Using cached governance_ledger-0.8.0-py3-none-any.whl (179 kB)
Collecting cricore-contract-compiler>=0.4.0
  Using cached cricore_contract_compiler-0.4.0-py3-none-any.whl (13 kB)
Collecting requests<3.0.0,>=2.33.0
  Using cached requests-2.34.2-py3-none-any.whl (73 kB)
Collecting cricore<0.15.0,>=0.13.0
  Using cached cricore-0.14.0-py3-none-any.whl (45 kB)
INFO: pip is looking at multiple versions of <Python from Requires-Python> to determine which version is compatible with other requirements. This could take a while.
INFO: pip is looking at multiple versions of governance-ledger to determine which version is compatible with other requirements. This could take a while.
ERROR: Cannot install governance-ledger==0.8.0 and waveframe-guard==0.19.0 because these package versions have conflicting dependencies.

The conflict is caused by:
    The user requested governance-ledger==0.8.0
    waveframe-guard 0.19.0 depends on governance-ledger<0.10.0 and >=0.9.0

To fix this you could try to:
1. loosen the range of package versions you've specified
2. remove package versions to allow pip attempt to solve the dependency conflict

ERROR: ResolutionImpossible: for help visit https://pip.pypa.io/en/latest/topics/dependency-resolution/#dealing-with-dependency-conflicts

[notice] A new release of pip is available: 23.0.1 -> 26.2.1
[notice] To update, run: D:\a\Waveframe-Guard\Waveframe-Guard\acceptance-output\ledger-extra\upgrade-environment\Scripts\python.exe -m pip install --upgrade pip
