Collecting governance-ledger==0.8.0
  Downloading governance_ledger-0.8.0-py3-none-any.whl (179 kB)
     -------------------------------------- 179.4/179.4 kB 3.6 MB/s eta 0:00:00
Collecting cricore-contract-compiler>=0.4.0
  Downloading cricore_contract_compiler-0.4.0-py3-none-any.whl (13 kB)
Collecting jsonschema>=4
  Using cached jsonschema-4.26.0-py3-none-any.whl (90 kB)
Collecting referencing>=0.28.4
  Using cached referencing-0.37.0-py3-none-any.whl (26 kB)
Collecting jsonschema-specifications>=2023.03.6
  Using cached jsonschema_specifications-2025.9.1-py3-none-any.whl (18 kB)
Collecting rpds-py>=0.25.0
  Using cached rpds_py-0.30.0-cp310-cp310-win_amd64.whl (235 kB)
Collecting attrs>=22.2.0
  Using cached attrs-26.1.0-py3-none-any.whl (67 kB)
Collecting typing-extensions>=4.4.0
  Using cached typing_extensions-4.16.0-py3-none-any.whl (45 kB)
Installing collected packages: typing-extensions, rpds-py, attrs, referencing, jsonschema-specifications, jsonschema, cricore-contract-compiler, governance-ledger
Successfully installed attrs-26.1.0 cricore-contract-compiler-0.4.0 governance-ledger-0.8.0 jsonschema-4.26.0 jsonschema-specifications-2025.9.1 referencing-0.37.0 rpds-py-0.30.0 typing-extensions-4.16.0

[notice] A new release of pip is available: 23.0.1 -> 26.2.1
[notice] To update, run: D:\a\Waveframe-Guard\Waveframe-Guard\acceptance-output\ledger-extra\upgrade-environment\Scripts\python.exe -m pip install --upgrade pip
