{
  "python": "3.10.11 (tags/v3.10.11:7d4cc5a, Apr  5 2023, 00:38:17) [MSC v.1929 64 bit (AMD64)]",
  "ledger_import": "D:\\a\\Waveframe-Guard\\Waveframe-Guard\\acceptance-output\\ledger-extra\\combined\\combined-extra\\lib\\site-packages\\governance_ledger\\__init__.py",
  "compiler_version": "0.5.0",
  "development_flags_absent": true,
  "catalog": {
    "catalog_id": "waveframe.coding-agent.repository-change",
    "catalog_version": "3.0.0",
    "catalog_hash": "sha256:bd7fd23eb59b5521ef6780edec0667ce9b7ba9b5738dfa2701a575fb3efce930"
  },
  "domain_pack": {
    "domain_pack_id": "repository-changes",
    "domain_pack_version": "3.0.0",
    "canonical_hash": "sha256:78783654a8131cb7a6547ee2ed9507e1dced640aebe32d35057c385bb1dc4459"
  },
  "runtime": {
    "schema_id": "repository-changes-runtime",
    "schema_version_number": "3.0.0",
    "schema_hash": "sha256:3fcf3af0a61f91a78b171ccd6247db9f0f908e1baf44aa50ece12349c44bb582"
  },
  "enforcement_point": "waveframe.guard.repository-change.v2",
  "fixtures": {
    "create-only": {
      "full_artifact_hashes": {
        "source": "sha256:dafdb6ce0a9f45af65197b93ee77d599439beabc51e9e55683b6a872d17a4742",
        "source-interpretation": "sha256:09958d5f33d60ad4506a950782a7301861042a2af0210dd0c5089d241720ee56",
        "proposal": "sha256:049244a917543f28672c4b3007eaa52207490e3e9aaeb618ea16a58ecf64b1e0",
        "confirmation": "sha256:819e96d8fee5ce42ac404c97f677e35b0efe2cc70e0dea979644c87d173f48d6",
        "review": "sha256:9cdfcc929571ac8cb55ef0a3f517b2d2f766742aefdca71c6c384d77616865fc",
        "approval": "sha256:abad49faf61645544860a399a63d3880ab017adafa5c188ef5ba4ebda4f4dca1",
        "constraint-ir": "sha256:a99050a31d7b029768b8f6aacaace188373a5ec2824c38d9ffb2945e68885f95",
        "compiler-input": "sha256:dc3b81e03b259c84c954aae8c012f2cdcfc9a7b066d39bb246fbf85f7beceb99",
        "compiler-output": "sha256:4f3bf5a1fce29d8debbf412402b68a3b2178fda0530d7f261d157f55bfc3f18b",
        "compiled-authority": "sha256:a9ec418f20f62d8126f72f3a210841e296e5f0fafe199fd5d1f8870b81bf28f8",
        "authority-bundle": "sha256:2cb5334633340b57c6756e1ac3e2175dcbd674ddde396d853c235d61da04bf2f",
        "publication-receipt": "sha256:ddc5a6f59b4c1e7e96afa609e6ee03fd5047a8d2555420e5198d32587d77b830"
      },
      "bundle_hash": "sha256:52ee5594c92d37ccaf9c46c4f9b9072d254636a52c5eb1efa8851d9102aff66f",
      "receipt_hash": "sha256:daf28dc75e5cf5b3efc6d25dbe4748e48b5c0fc06d9d6756021d54407fd354f0",
      "approval_id": "policy-translation-approval-83daa65cc3d1ee294f71df2acb76ae90fa7a82e09ae72da8ae825cd16901aac5"
    },
    "modify-only": {
      "full_artifact_hashes": {
        "source": "sha256:dcfa3fb14882b68df45344665f1be2fb16eca4222a1e57e45b86082f8f3955d3",
        "source-interpretation": "sha256:b1dd09fbae89763a12d9b5f1d879afc904592082f3cad09cb44d9d8b420f28eb",
        "proposal": "sha256:51206ffbd5d938d94819660e57f29206a4e7c4ae491b2d3cb9d989049466e08e",
        "confirmation": "sha256:e5fecd001e7602976d951e8cd103d64fe1f37271cbd09d9f3df7074fbf21ed6e",
        "review": "sha256:57d522a0ff4ecddc0c0a340e74d037e6e46b9967134860b058512c555e0200e8",
        "approval": "sha256:a11bbc2adccc90c9e29fb7913189032c8220072c1f81b90d123a4844f70d6ef5",
        "constraint-ir": "sha256:971ce5d24f91f1f8d02fb3d478df9f9574cf2d4fb7a2a1c54c7382efecff8718",
        "compiler-input": "sha256:90253d7807e71b377256c094c4b322e9845f65768bf83ada2f7fdcc4d3858e24",
        "compiler-output": "sha256:9d645102ef5f16e97e2813c922f4dfa7fac3329613aa8e735c2e8fb766666b53",
        "compiled-authority": "sha256:00a5bfb9d22de0de6bc3e9cc36601c1b0374926f4241d41d1a270746d7d03f0f",
        "authority-bundle": "sha256:050bd8f0c059a6695e22f46f6e537508b992ec858c913887de19fc39a99d5182",
        "publication-receipt": "sha256:c5c2303300cc86094dae22ad6ea6d632f790f80821d97bfaab6920efd3e5e90b"
      },
      "bundle_hash": "sha256:154baec899f567cd5e14135a160a8770c8c0abfecb40e94172fd012bf741b83c",
      "receipt_hash": "sha256:2a64e22cd7b70335d8707deecdb30a3eaf3086c92856fb7d11974c6aab941be3",
      "approval_id": "policy-translation-approval-5494e5c33021aac5acb98f648a1ec195d4fbdaa19373f0551e7763d5f3f561b5"
    },
    "mixed": {
      "full_artifact_hashes": {
        "source": "sha256:69bb279d0969666fed0d60ce99f4e711c7079aefb798edcbf2d61baf6d220402",
        "source-interpretation": "sha256:094d882fbfd345499fee0b294aecbc716318f17ecfc795ac4a194803b07f8dd0",
        "proposal": "sha256:b062806ec3d8da5f0fa1b6c2d378fca6fb476d6baf811ae02d884272c3af9313",
        "confirmation": "sha256:4c422fd442fc824913d1c2048b7ba058058bc801058b07c10b9d995ecc8e58c3",
        "review": "sha256:1eec0bbcfba9b89dee88291d480b03bf15ca85beca36cac329a42f31e7bdc782",
        "approval": "sha256:3269d9c6929c9180b043cef047ab16cbe9296ae66703adab08543321c5d9bd22",
        "constraint-ir": "sha256:8fe74baba0e82fd75a1eb413641506caa1f024d867886dda0a193b75efa25344",
        "compiler-input": "sha256:f80dd1d533349d7dbf0981cd9c147356f541d6e8ffa2188e711cf27af5d2249e",
        "compiler-output": "sha256:fa481a29e433a64064b688d92067f07e24781bb1a569cfd35a0c85229b5c149e",
        "compiled-authority": "sha256:c242fa7f22f680d26988a0d1d09659c06a7f54cbaf8ae0077d6952f224a88e07",
        "authority-bundle": "sha256:e58b9f4e9e715e53b93d2be9f1ef602d6d9aa372df13b7f31c3d3102b922988b",
        "publication-receipt": "sha256:3ef0e2fb179a61f0da943839baab59ecfb661291f5b25a3ff29c64a366ba5482"
      },
      "bundle_hash": "sha256:8e5796b5435b2f8f7644c089907e86d64c1686309fc89b80965874e22a8aa285",
      "receipt_hash": "sha256:55ae85360e7afd0da75d645e2ba7138b5dafd93ac2584a3e6c8cb9d375c40e02",
      "approval_id": "policy-translation-approval-06862ce2eac434dd88a9a8b9a76b4411e5e5b9a0f87340fcc781619a765dbbe9"
    }
  },
  "runtime_activation_ready": false
}
