Collecting governance-ledger==0.8.0
  Using cached governance_ledger-0.8.0-py3-none-any.whl.metadata (35 kB)
Collecting cricore-contract-compiler>=0.4.0 (from governance-ledger==0.8.0)
  Downloading cricore_contract_compiler-0.4.0-py3-none-any.whl.metadata (10 kB)
Collecting jsonschema>=4 (from cricore-contract-compiler>=0.4.0->governance-ledger==0.8.0)
  Using cached jsonschema-4.26.0-py3-none-any.whl.metadata (7.6 kB)
Collecting attrs>=22.2.0 (from jsonschema>=4->cricore-contract-compiler>=0.4.0->governance-ledger==0.8.0)
  Using cached attrs-26.1.0-py3-none-any.whl.metadata (8.8 kB)
Collecting jsonschema-specifications>=2023.03.6 (from jsonschema>=4->cricore-contract-compiler>=0.4.0->governance-ledger==0.8.0)
  Using cached jsonschema_specifications-2025.9.1-py3-none-any.whl.metadata (2.9 kB)
Collecting referencing>=0.28.4 (from jsonschema>=4->cricore-contract-compiler>=0.4.0->governance-ledger==0.8.0)
  Using cached referencing-0.37.0-py3-none-any.whl.metadata (2.8 kB)
Collecting rpds-py>=0.25.0 (from jsonschema>=4->cricore-contract-compiler>=0.4.0->governance-ledger==0.8.0)
  Using cached rpds_py-2026.6.3-cp314-cp314-manylinux_2_17_x86_64.manylinux2014_x86_64.whl.metadata (4.1 kB)
Downloading governance_ledger-0.8.0-py3-none-any.whl (179 kB)
Downloading cricore_contract_compiler-0.4.0-py3-none-any.whl (13 kB)
Using cached jsonschema-4.26.0-py3-none-any.whl (90 kB)
Using cached attrs-26.1.0-py3-none-any.whl (67 kB)
Using cached jsonschema_specifications-2025.9.1-py3-none-any.whl (18 kB)
Using cached referencing-0.37.0-py3-none-any.whl (26 kB)
Using cached rpds_py-2026.6.3-cp314-cp314-manylinux_2_17_x86_64.manylinux2014_x86_64.whl (367 kB)
Installing collected packages: rpds-py, attrs, referencing, jsonschema-specifications, jsonschema, cricore-contract-compiler, governance-ledger

Successfully installed attrs-26.1.0 cricore-contract-compiler-0.4.0 governance-ledger-0.8.0 jsonschema-4.26.0 jsonschema-specifications-2025.9.1 referencing-0.37.0 rpds-py-2026.6.3
