{
  "python": "3.10.21 (main, Aug 13 2026, 02:42:48) [GCC 13.3.0]",
  "executable": "/home/runner/work/Waveframe-Guard/Waveframe-Guard/acceptance-output/ledger-extra/combined/combined-extra/bin/python",
  "distributions": {
    "governance-ledger": {
      "version": "0.9.0",
      "module_path": "/home/runner/work/Waveframe-Guard/Waveframe-Guard/acceptance-output/ledger-extra/combined/combined-extra/lib/python3.10/site-packages/governance_ledger/__init__.py",
      "wheel_sha256": "733defe98588b846a6e90454fa0e07b289ede3af0c9c25ba377f53423c7e4ffb",
      "direct_url": {
        "archive_info": {
          "hash": "sha256=733defe98588b846a6e90454fa0e07b289ede3af0c9c25ba377f53423c7e4ffb",
          "hashes": {
            "sha256": "733defe98588b846a6e90454fa0e07b289ede3af0c9c25ba377f53423c7e4ffb"
          }
        },
        "url": "file:///home/runner/work/Waveframe-Guard/Waveframe-Guard/acceptance-output/ledger-extra/combined/wheelhouse/governance_ledger-0.9.0-py3-none-any.whl"
      },
      "python_sha256": {
        "governance_ledger/__init__.py": "c840c5a80519e61d139f7d4fdcd736854e0855e7ac3c6e3a54af05d3f20c710e",
        "governance_ledger/action_policy.py": "49fa7ecc88c39e59f179946c4d597e3b077e4982c6c8523b22b04231a2b22353",
        "governance_ledger/action_policy_publication.py": "c7b290b02594f5b0fabb135f07bcd832aef2931cdaad3c044ec881d33f19054f",
        "governance_ledger/authority_contract.py": "13fff4253979652d8c91ecad7f1b609273926ae5c2ef22094f5595f287794e73",
        "governance_ledger/checks.py": "70ece7b72c07efa52247abdb0c56a3cce4ab94f057fe005b7547778ffac963b3",
        "governance_ledger/cli.py": "373a24d37d79e1d474b6488d6de7958ced36d29adda7eb889c14dddd6ee02f91",
        "governance_ledger/constraint_ir.py": "3aedeeafcbe7b86593aa48f35df0c34085865bb880c70c6bc6744bdfea0a2ad5",
        "governance_ledger/contract_linkage.py": "cbb79ffe1b6be78225a94ef10eb87c76e217738afc663dd4733b6a2f7aed82f7",
        "governance_ledger/customer_policy.py": "e18201d5b333bb50fddbe66508d3a6dbb6df121301c39f21c34c3809a8aceb50",
        "governance_ledger/deployment.py": "df20ea619fe77cd7ac56df03397e754798dfc8e8d37e8d68cdb38744e0ca2368",
        "governance_ledger/diagnostics.py": "644abb8acfd6807ca5325973132a054b54cff640160416152395c41ea37c74d8",
        "governance_ledger/diff.py": "08bf3866a162ba404c8c76ba25f741370406b162c47ac13f85087700deea1614",
        "governance_ledger/domain_packs.py": "05ef88b94a5c27511a68fdc47641c7b43ed5869e05da197c3b7db693404b7251",
        "governance_ledger/domain_policy.py": "c240c45db803fb0abb43f2b518d4d0173665c5841d724af51c20f4af77d6ddc6",
        "governance_ledger/extract.py": "a60d20889c85309eae099db6c714de902339c39e1335aa97cda1d7ea85872960",
        "governance_ledger/inspect.py": "5ac51ba1467de0abef8c9f8425dc030f50343107408822e09cd4e6e451a37f0f",
        "governance_ledger/lifecycle.py": "42a5e40d7ea9dbc5a50243f087a84f02be6c62db43a707cb360eff330eb884a8",
        "governance_ledger/normalization_report.py": "9dc1e037da5eb7e31be132ec0f9db3f9192d19936f4aa2cc76d5bca8412fa879",
        "governance_ledger/paths.py": "9d2da560d7084ef7ea12e4b755b4cbe738fc6742d1403fd7e94a4f66321a1ee4",
        "governance_ledger/patterns.py": "4e6fd5a89eea911daeaf5f6d6e19898506f4c963d070b1e3da770cb96f442add",
        "governance_ledger/pipeline.py": "39d59a8df8ab38c38130451f71a93016e09016156b6c82b1988f7625f92c87e3",
        "governance_ledger/policy_translation.py": "f92b70ddff0297709cb52a5a14b9dbacfd04a12c91e0612687111c62d1971034",
        "governance_ledger/policy_translation_publication.py": "8451ed5b051ed0a2372367cbd07712c358e4538bae05e26b50f34c7391d1fdf2",
        "governance_ledger/provenance.py": "87023175e2ace52a5c3713657c9a5858c43e69692277e3336e2b5d64a0207617",
        "governance_ledger/publication_provenance.py": "01b9ba2c4805960bff3174c697d2f8c5542dabd3e1a16e93a1af42f5ac5d11bf",
        "governance_ledger/publish.py": "e372952cdc9337b1cb79d126468f822a77ddd1adf5aa2b6027dc4530ac7ec7ab",
        "governance_ledger/registry.py": "d068d220650440a8edbb0eb2c312590cef9ddf20df78f6f07c29b377674015c6",
        "governance_ledger/replay.py": "856c07281dfc05df2a85c9358262a2dcc7fffec7459af85d28a21d10661a7730",
        "governance_ledger/report.py": "16451202e56f9a20f1dade91e35b8249376772bf770f9bcd31305314c7834025",
        "governance_ledger/review.py": "3bf69bf567ce84bc06d11ced57289dbf58869000e46723f3dd162bc6ac8c3832",
        "governance_ledger/rollback.py": "fb9dc772b5d36cf8a1d732b7d5166f3c7c9d2d38c5b1fd31c2eb99e21484325f",
        "governance_ledger/runner.py": "8490c5079b5a6bdf87f4a78b10ea7d964fb67e939673539d14d731581d1d18d1",
        "governance_ledger/schema_versions.py": "73e1e3e0e1ae2f50d5a4132a61f1efe39e651a46f0222462f53c2c777a11770a",
        "governance_ledger/snapshot.py": "c7020adfb1488562d36f078d19726a311943d907dc9070c058dbe7dfc5784a9d",
        "governance_ledger/statement_normalizer.py": "e13f0a1a8c100ed57772f57e1a04e2d02204e089c7c2eb969160f09fb6e3a185",
        "governance_ledger/summary.py": "8666867fcae973ce1e2a786c2306c69a45089a1bde6c4fb7da0a2936a8ef6295",
        "governance_ledger/validation.py": "05407492d5f05869482620f4c847799986a977355f0ad463ab34b72fb815834d",
        "governance_ledger/integrations/__init__.py": "bd781ef5fd75b0e5228804d2cf73a3af5767aee6b77e37314e327e4679971ad4",
        "governance_ledger/integrations/guard.py": "33d6a5d1cab1a7ceb5118f4a36b8f1215b5b733d48f34bfc917c2a7779a69208",
        "governance_ledger/semantics/__init__.py": "bee0907c11ee8c14be62ebe5d6607c9477e33938c9f9051fda9b9eaa7acaa8bd",
        "governance_ledger/semantics/capabilities.py": "bf7aa8a29c71f5cb909ddf5005593fd84e1fb87cb84da701deafd15dfa551df0",
        "governance_ledger/semantics/compiler.py": "b60cf8f82f3dcad94c60dc0f2d96843e47f444ec120895f96e82490583cf49af",
        "governance_ledger/semantics/consequences.py": "d718e0575601a2ffddb48c38d5b9cfbb5bc801b3d9b73d1236243d4d6a7beca0",
        "governance_ledger/semantics/continuity.py": "6efa1ce05d62e0ce817159cc59fa86cdd4a86dd48a07e84ed25627bc7808e1fc",
        "governance_ledger/semantics/diagnostics.py": "e17a62a32df65b5cffab4cd6d21e733e8ae39ec4680baca65678e18cab51f66d",
        "governance_ledger/semantics/diff.py": "256e6a3adb423b538c5005d90d1b18126eb9d9bd44f376e5797041ef88e5c842",
        "governance_ledger/semantics/diffing.py": "94ef4865bd6cef801d82788e0a1fdfec3e82f1462c98219f722d748905a0da9d",
        "governance_ledger/semantics/execution_projection.py": "ee39d16d6c246ff6068b5843c3737fe93fe317d169b35f09ba8d58ceab48f22c",
        "governance_ledger/semantics/extraction.py": "e314d227856d4a53c7e981e49bd445bf0aff11d21ef7e8f45999b80108136e7f",
        "governance_ledger/semantics/lifecycle.py": "d420059710d64bf21ce08bba109b26f5315d4daec458f9f6b540cf0b715b7399",
        "governance_ledger/semantics/lifecycle_enforcement.py": "6a6d1bc21794b2f6e4048fbd718b95492da379a1cdbe8fc6fae5539e3026eff8",
        "governance_ledger/semantics/packets.py": "c4f5d016544acd66cd0db6ea51970709f7343c879248e5d3dbec902ef802a76f",
        "governance_ledger/semantics/preview.py": "974d07cbb1d4b4104c6f3d3436d26f3adcaea0b7e6d930f2b6249199df9ef949",
        "governance_ledger/semantics/publication.py": "b050038d26d2a2d22f268a9bcf31b9d332809ece79d5ec1a6ae38ab2ae646009",
        "governance_ledger/semantics/reconciliation.py": "d0301074833a5275d91e16ef74b9490e5e3bd48c864636f2476ff526f04c0aef",
        "governance_ledger/semantics/summaries.py": "17c9ebb129f840beea446bc00be8be23b0081acdb1122c16a38d3609a0cdf609"
      }
    },
    "cricore-contract-compiler": {
      "version": "0.5.0",
      "module_path": "/home/runner/work/Waveframe-Guard/Waveframe-Guard/acceptance-output/ledger-extra/combined/combined-extra/lib/python3.10/site-packages/compiler/__init__.py",
      "wheel_sha256": "03b9077cbfb1e5b54f4203b8d45fdd9021a773fc08688945a0dd4fd7694f92d0",
      "direct_url": {
        "archive_info": {
          "hash": "sha256=03b9077cbfb1e5b54f4203b8d45fdd9021a773fc08688945a0dd4fd7694f92d0",
          "hashes": {
            "sha256": "03b9077cbfb1e5b54f4203b8d45fdd9021a773fc08688945a0dd4fd7694f92d0"
          }
        },
        "url": "file:///home/runner/work/Waveframe-Guard/Waveframe-Guard/acceptance-output/ledger-extra/combined/wheelhouse/cricore_contract_compiler-0.5.0-py3-none-any.whl"
      },
      "python_sha256": {
        "compiler/__init__.py": "d33ef4350586db178f49e89140a027c9675866ab984f386ced23bf9724241906",
        "compiler/_version.py": "baadc4c29d40955275eb108bf2b971b7e5833b30494e0e7a517cbbd54cf68afa",
        "compiler/cli.py": "f943f5ca1c437f4cb3ac47e484611cfca5e0c3a95660796768156ab73ad66adf",
        "compiler/compile_action_policy.py": "d6698884389054220bc4f2c0e526aa3550898291b1db44bdb596b46d2fed44db",
        "compiler/compile_policy.py": "56e7c4853d913a926a4fba736ac024de0b0f1d40626bd5b5acb98cd2912b5f93",
        "compiler/compile_policy_file.py": "82020fc93ff24ee1cd1148e56e9cff661e3db7b95f940ecedce8a7fcab228034",
        "compiler/contract_hash.py": "dfc844b556f5643feebab5f0f6775ad91f67e588fa8fc864391fc91ca009c69a",
        "compiler/load_policy.py": "ac41d667b3ce398df171c63305b58675ab6592038cf21a438e0b262ff1f7d874",
        "compiler/write_compiled_contract.py": "1c5f0952634fe894d6ee67318c3342f8a5e465926528588080e6d728b48de276"
      }
    },
    "waveframe-guard": {
      "version": "0.19.0",
      "module_path": "/home/runner/work/Waveframe-Guard/Waveframe-Guard/acceptance-output/ledger-extra/combined/combined-extra/lib/python3.10/site-packages/waveframe_guard/__init__.py",
      "wheel_sha256": "34181026b13e5a60c8ec7370dda875c911ef762903865db25705c73872f330e9",
      "direct_url": {
        "archive_info": {
          "hash": "sha256=34181026b13e5a60c8ec7370dda875c911ef762903865db25705c73872f330e9",
          "hashes": {
            "sha256": "34181026b13e5a60c8ec7370dda875c911ef762903865db25705c73872f330e9"
          }
        },
        "url": "file:///home/runner/work/Waveframe-Guard/Waveframe-Guard/acceptance-output/ledger-extra/combined/wheelhouse/waveframe_guard-0.19.0-py3-none-any.whl"
      },
      "python_sha256": {
        "guard/__init__.py": "3f65aad876b2aca0d1bb4cef9f79ab424ba250b8ac5a813dfb53800b9b3e9980",
        "guard/adapters/__init__.py": "7d438d1b74ef404f26a3e5810c1e19d747747a747d3a7df4da2dfc0df39a332a",
        "guard/adapters/compiled_authority.py": "faa9300384a7b3bf7e367de15782db91c547c3b9ec6cee7e3062726d10dc2899",
        "guard/adapters/proposal_normalizer.py": "d07e275c7697be2b97ad657619ef36053d66ecf3701ec2c8b0e5b418b37282d3",
        "guard/adapters/upstream_semantics.py": "585603e8b47fbf732535adc24644e79a53204fb4d765ba8cff0a18e2e86d8369",
        "guard/cognition/__init__.py": "2c465ce0a6ec2c0fbb53989e351f6b78ba7e629ca2dfcbbec1254cd428bd607d",
        "guard/cognition/admissibility.py": "9cad5241441c2fbd872b988240368408190db2cc1de7e7c934ef69bb8e1ddc7a",
        "guard/enforcement/__init__.py": "027500865a4127b24885db7cfcd00ba1b2cff905e7b9d4fc9a86a0eebede63ee",
        "guard/enforcement/chronology.py": "52add787c0c1d82f8f7656b4d681e71d66eefbbebd1eb4c53197299bbb25e197",
        "guard/projections/__init__.py": "5fdcb6d5f7c28f55228cac678fb26c11bb903e78e7dc525c79f8adb5d60eef51",
        "guard/projections/execution.py": "2a6c793d066168868004b818b888ce9fc8b16514a70846f49e83b4ce0eb828dc",
        "guard/runtime/__init__.py": "81a1c6ca0828da9f3721af868ad799e4856cb78edbe73b7b9e4605d18a4a2ae3",
        "guard/runtime/builders.py": "a04e5f3e5575681571d0f87f4eb74df04c991c8b7eb4df8c8d5f434a6a58ad5c",
        "guard/runtime/continuation.py": "f404156305fe469537669fd6cec25ab7f1f5cb23fac51569242a1686beb76659",
        "guard/runtime/dependencies.py": "33f0b8d85d4f8e726737d86ea6e5d667d76c58350e14e54bddf7656e0d2a3c27",
        "guard/runtime/evaluation.py": "718da61b4d7fae6966c4791eec0cebe3f3392d633ddfc1dc920586bc22333711",
        "guard/runtime/evidence.py": "bbc597a52bb00d4aab7c908ac55e44c58cb926eb3aa9120bdfb16a258ceb0f06",
        "guard/runtime/identity.py": "9dc4a23f6f86f4859abb7a0ac9f9dc62ace1ffe59afe2d02c1b6faeb875360ed",
        "guard/runtime/organization.py": "eaad4792f0864f69801529c1a82049cebe805c3adef931968f77e91a1a7bddb3",
        "guard/sdk/__init__.py": "952a952a769cc671e1d5ab1bcdbda75a87f2380fe16aca05bfc3a10d0c7d154e",
        "guard/sdk/adapters.py": "421d4448f334f451a09804605c77f9411f1be369633153b723f8eb657834ae52",
        "guard/sdk/authority_source.py": "3a9ddfdd3fbc0022736b186aca77209903fe2d246ae4abcf731d8746e667c2ec",
        "guard/sdk/cleanup_local.py": "d44803a52aa822f5fbc90980ed6662f09bb00719173f9332e7f2bdf24c493f35",
        "guard/sdk/execution.py": "6d4ecddc292a0fd07ea3d16f6c8488e2af9cc0fa5173207fdb00e01ad4caf15b",
        "guard/sdk/guard.py": "1269697d2b0f909594c1f113b7e1eb26473764e03860f2ceaab965ba8b779381",
        "guard/sdk/local_persistence.py": "36303a55d32a2d0060fede36e850d5f0245d2991e19ed27e1abb6b0841c24c98",
        "guard/sdk/repository_boundary.py": "fe1f60ad178ad3c417e3d694c239990df10b692b69c2e9bc819219c2aea18c13",
        "guard/sdk/repository_evidence.py": "ec8b18197397f854bc080eb72d571195aab4d17d525ad25505c40911d98ceac2",
        "guard/sdk/target_binding.py": "0812fcb617ce33300563fcee3d3622d2697a5f0bfacdf2db47d8c46d1cc7e8e4",
        "guard/telemetry/__init__.py": "f8a9a0f2ecee7b759ab89eb12cb7f8bc616b0024c779467a72bb29a6f0a5b1f5",
        "guard/telemetry/events.py": "1c2c9348792587d6913ec231222840586cd7a2b9a68cba517bab687f3c90c42d",
        "waveframe_guard/__init__.py": "ad354fb575e94711c421eb662a9bad86a542f0afaff9b93e238fa0128f24c344",
        "waveframe_guard/_client.py": "7c03124d07c88e205e45c780429683bfa826c42f3c9dd95927b3df1413398bf8",
        "waveframe_guard/context.py": "fbd7aec48e1c960f481b5ef631cb74d3be95664f2daeeb9e560569d976dea72b",
        "waveframe_guard/contracts.py": "bf5d22a9a3e7f6aa2788eb1c10583c17b76d644cb1b8fcdfa8b18c50e7f65b06",
        "waveframe_guard/execute.py": "1b972486c0a7c09d68e5e272f9d9ba7245885d1700b971df151a04e17c5502ea",
        "waveframe_guard/guard.py": "cb1f8d46188f726dd9e7a78e6291d47de7a6a9b637448605b1c89477089f4b1a",
        "waveframe_guard/result.py": "6f9fc774f47bd009fdd841675ac188b753d398c520a53e0aff811196deba0124",
        "waveframe_guard/runtime.py": "27a5f32423505fa1d4d1892de8e575f21bfc8e58dce076dffe91eb238d917ab2",
        "waveframe_guard/schemas.py": "6035d30356ddb62dada4e79f30738a82ff3000f19c89e4b6161eb96a7430471f",
        "waveframe_guard/authority/__init__.py": "59a1803cae3be36a6bcaed8154842f8c795f730145a7f23a981194610b218fb1",
        "waveframe_guard/authority/cache.py": "d24565c6ec12bb04fe80eb252ff3ab1c0145c5e2dbf3709f13272939c9b2cf32",
        "waveframe_guard/authority/development.py": "b4912214cc6772f98922707923f28722d27c935ffc7d079d5037e7e8238ef047",
        "waveframe_guard/authority/exceptions.py": "483dfd74434544c5a6bfcbaddc35449ee12402878b55ecf6dcd89f61facc2acd",
        "waveframe_guard/authority/generations.py": "98a1e716268838f564ef81d063870da2a3643c5d4a560a3fe982f8cb54b5141a",
        "waveframe_guard/authority/loader.py": "9cfd261897cc8110d7bc7cd43f4ae32dd2e24929d575a3913bb80d649ecb9a01",
        "waveframe_guard/authority/replay.py": "08b61bd1305aa43fb9b5cb3f0066168eb9022d9b00d9e4c86eeeb6ce73a521e0",
        "waveframe_guard/authority/resolver.py": "a3184b12f351dad5086c2be26d7c15fcc2fa18a95f9d6d6eb8d13c657301560c",
        "waveframe_guard/authority/runtime_facts.py": "331aa87ad29a5451145cca49829c128736aded6ce6affd3c71ffaf63dfc864e1",
        "waveframe_guard/authority/types.py": "a4b196c61114738e6e9d7e6dad308389780a97323c44b7daed8a8a39c526f4b2",
        "waveframe_guard/authority/verifier.py": "7570037798593905bd84f5e4ea091b49654f278d5c05aa4758e129f69101e805",
        "waveframe_guard/authority/adapters/__init__.py": "ed9841ecdac3a2d5bb134ae8bc7c3a802b689a5c02ca7d64fb1766d3d650af99",
        "waveframe_guard/authority/adapters/common.py": "ee6eb0141df393e45cacf4048339514313f0acb4a472ded02b75f9dd97e6c228",
        "waveframe_guard/authority/adapters/local_registry.py": "3131161119a46c3903f4f2718a33a4f4b6c0016995f7e074dae1e2d71035be33",
        "waveframe_guard/authority/adapters/memory.py": "d27387ae70edb225f38876c4bea8b99dc926cb8dc0802efbe754118b8a2055db",
        "waveframe_guard/cloud/__init__.py": "e8bce87ae29be21947996da27926b6c452ba1991e0a2fb37246e8b3b75140209",
        "waveframe_guard/cloud/client.py": "2974d7678ceb24ea1fea76e97a3097699abe419e24098125916a3db08597343b",
        "waveframe_guard/cloud/publication.py": "c7f4be68de3a4eaf1fea21ebb9d5a0497725f92edd89dedb381ee2d95d6f3d05",
        "waveframe_guard/quickstarts/__init__.py": "2d552d453a0a90d71cc66ea73ed22ae45e50b26408c0071dafa2dc00f6f4b550",
        "waveframe_guard/quickstarts/external_agent.py": "229ab6ad0acf8635d25465899c982311a5fe56ee5b8db253282f4a1f5d50fc8a",
        "waveframe_guard/server/__init__.py": "4674a89ac77f287b9d8e8ada8012952c0cd8d55407fe00853a51a7a793b10e90",
        "waveframe_guard/server/local_api.py": "2335469a83c6951789eaefb5f0ef25a90ef84c4d3e16ec6c69c584eff106ef5c"
      }
    }
  }
}
