attrs==26.1.0
backports.tarfile==1.2.0
build==1.3.0
certifi==2026.7.22
cffi==2.1.1
charset-normalizer==3.5.1
cricore==0.14.0
cricore-contract-compiler @ file:///home/runner/work/Waveframe-Ledger/Waveframe-Ledger/runtime/issue25-combined/wheelhouse/cricore_contract_compiler-0.5.0-py3-none-any.whl#sha256=03b9077cbfb1e5b54f4203b8d45fdd9021a773fc08688945a0dd4fd7694f92d0
cricore-proposal-normalizer==0.2.0
cryptography==50.0.1
docutils==0.23
exceptiongroup==1.3.1
governance-ledger @ file:///home/runner/work/Waveframe-Ledger/Waveframe-Ledger/runtime/issue25-combined/wheelhouse/governance_ledger-0.9.0-py3-none-any.whl#sha256=3b76d333c33df8fd7a68ee2a35b04ef880407cdcdcaf9500b195c9ea7198c7d8
id==1.6.1
idna==3.19
importlib_metadata==9.0.1
iniconfig==2.3.0
jaraco.classes==3.4.0
jaraco.context==6.1.2
jaraco.functools==4.6.0
jeepney==0.9.0
jsonschema==4.25.1
jsonschema-specifications==2025.9.1
keyring==25.7.0
markdown-it-py==4.2.0
mdurl==0.1.2
more-itertools==11.1.0
nh3==0.3.7
packaging==25.0
pip==25.3
pluggy==1.6.0
pycparser==3.0
Pygments==2.21.0
pyproject_hooks==1.2.0
pytest==8.4.2
readme_renderer==46.0
referencing==0.37.0
requests==2.34.2
requests-toolbelt==1.0.0
rfc3986==2.0.0
rich==15.0.0
rpds-py==0.30.0
SecretStorage==3.5.0
setuptools==77.0.3
tomli==2.3.0
twine==6.2.0
typing_extensions==4.16.0
urllib3==2.7.0
waveframe-guard @ file:///home/runner/work/Waveframe-Ledger/Waveframe-Ledger/runtime/issue25-combined/wheelhouse/waveframe_guard-0.19.0-py3-none-any.whl#sha256=34181026b13e5a60c8ec7370dda875c911ef762903865db25705c73872f330e9
wheel==0.45.1
zipp==4.1.0
