Looking in links: /home/runner/work/Waveframe-Ledger/Waveframe-Ledger/runtime/issue25-combined/wheelhouse
Processing ./runtime/issue25-combined/wheelhouse/waveframe_guard-0.19.0-py3-none-any.whl
Requirement already satisfied: cricore<0.15.0,>=0.13.0 in ./runtime/issue25-combined/guard-entry/lib/python3.10/site-packages (from waveframe-guard==0.19.0) (0.14.0)
Requirement already satisfied: cricore-proposal-normalizer<0.3.0,>=0.2.0 in ./runtime/issue25-combined/guard-entry/lib/python3.10/site-packages (from waveframe-guard==0.19.0) (0.2.0)
Processing ./runtime/issue25-combined/wheelhouse/governance_ledger-0.9.0-py3-none-any.whl (from waveframe-guard==0.19.0)
Requirement already satisfied: requests<3.0.0,>=2.33.0 in ./runtime/issue25-combined/guard-entry/lib/python3.10/site-packages (from waveframe-guard==0.19.0) (2.34.2)
Processing ./runtime/issue25-combined/wheelhouse/cricore_contract_compiler-0.5.0-py3-none-any.whl (from governance-ledger<0.10.0,>=0.9.0->waveframe-guard==0.19.0)
Requirement already satisfied: jsonschema>=4 in ./runtime/issue25-combined/guard-entry/lib/python3.10/site-packages (from cricore-contract-compiler<0.6.0,>=0.5.0->governance-ledger<0.10.0,>=0.9.0->waveframe-guard==0.19.0) (4.25.1)
Requirement already satisfied: charset_normalizer<4,>=2 in ./runtime/issue25-combined/guard-entry/lib/python3.10/site-packages (from requests<3.0.0,>=2.33.0->waveframe-guard==0.19.0) (3.5.1)
Requirement already satisfied: idna<4,>=2.5 in ./runtime/issue25-combined/guard-entry/lib/python3.10/site-packages (from requests<3.0.0,>=2.33.0->waveframe-guard==0.19.0) (3.19)
Requirement already satisfied: urllib3<3,>=1.26 in ./runtime/issue25-combined/guard-entry/lib/python3.10/site-packages (from requests<3.0.0,>=2.33.0->waveframe-guard==0.19.0) (2.7.0)
Requirement already satisfied: certifi>=2023.5.7 in ./runtime/issue25-combined/guard-entry/lib/python3.10/site-packages (from requests<3.0.0,>=2.33.0->waveframe-guard==0.19.0) (2026.7.22)
Requirement already satisfied: attrs>=22.2.0 in ./runtime/issue25-combined/guard-entry/lib/python3.10/site-packages (from jsonschema>=4->cricore-contract-compiler<0.6.0,>=0.5.0->governance-ledger<0.10.0,>=0.9.0->waveframe-guard==0.19.0) (26.1.0)
Requirement already satisfied: jsonschema-specifications>=2023.03.6 in ./runtime/issue25-combined/guard-entry/lib/python3.10/site-packages (from jsonschema>=4->cricore-contract-compiler<0.6.0,>=0.5.0->governance-ledger<0.10.0,>=0.9.0->waveframe-guard==0.19.0) (2025.9.1)
Requirement already satisfied: referencing>=0.28.4 in ./runtime/issue25-combined/guard-entry/lib/python3.10/site-packages (from jsonschema>=4->cricore-contract-compiler<0.6.0,>=0.5.0->governance-ledger<0.10.0,>=0.9.0->waveframe-guard==0.19.0) (0.37.0)
Requirement already satisfied: rpds-py>=0.7.1 in ./runtime/issue25-combined/guard-entry/lib/python3.10/site-packages (from jsonschema>=4->cricore-contract-compiler<0.6.0,>=0.5.0->governance-ledger<0.10.0,>=0.9.0->waveframe-guard==0.19.0) (0.30.0)
Requirement already satisfied: typing-extensions>=4.4.0 in ./runtime/issue25-combined/guard-entry/lib/python3.10/site-packages (from referencing>=0.28.4->jsonschema>=4->cricore-contract-compiler<0.6.0,>=0.5.0->governance-ledger<0.10.0,>=0.9.0->waveframe-guard==0.19.0) (4.16.0)
Installing collected packages: cricore-contract-compiler, governance-ledger, waveframe-guard
  Attempting uninstall: cricore-contract-compiler
    Found existing installation: cricore-contract-compiler 0.4.0
    Uninstalling cricore-contract-compiler-0.4.0:
      Successfully uninstalled cricore-contract-compiler-0.4.0
  Attempting uninstall: governance-ledger
    Found existing installation: governance-ledger 0.8.0
    Uninstalling governance-ledger-0.8.0:
      Successfully uninstalled governance-ledger-0.8.0
  Attempting uninstall: waveframe-guard
    Found existing installation: waveframe-guard 0.18.0
    Uninstalling waveframe-guard-0.18.0:
      Successfully uninstalled waveframe-guard-0.18.0

Successfully installed cricore-contract-compiler-0.5.0 governance-ledger-0.9.0 waveframe-guard-0.19.0
