[head] git rev-parse HEAD
[clean-checkout] git diff --exit-code HEAD
[combined-extra-pip] D:\a\Waveframe-Guard\Waveframe-Guard\acceptance-output\ledger-extra\combined\combined-extra\Scripts\python.exe -m pip install pip==25.3
[combined-extra-install] D:\a\Waveframe-Guard\Waveframe-Guard\acceptance-output\ledger-extra\combined\combined-extra\Scripts\python.exe -m pip install -r D:\a\Waveframe-Guard\Waveframe-Guard\.candidate50\ledger\requirements-ci.txt D:\a\Waveframe-Guard\Waveframe-Guard\acceptance-output\ledger-extra\combined\wheelhouse\governance_ledger-0.9.0-py3-none-any.whl[dev,guard] D:\a\Waveframe-Guard\Waveframe-Guard\acceptance-output\ledger-extra\combined\wheelhouse\cricore_contract_compiler-0.5.0-py3-none-any.whl D:\a\Waveframe-Guard\Waveframe-Guard\acceptance-output\ledger-extra\combined\wheelhouse\waveframe_guard-0.19.0-py3-none-any.whl --report D:\a\Waveframe-Guard\Waveframe-Guard\acceptance-output\ledger-extra\combined\combined-extra-install.json
[combined-extra-check] D:\a\Waveframe-Guard\Waveframe-Guard\acceptance-output\ledger-extra\combined\combined-extra\Scripts\python.exe -m pip check
[combined-extra-freeze] D:\a\Waveframe-Guard\Waveframe-Guard\acceptance-output\ledger-extra\combined\combined-extra\Scripts\python.exe -m pip freeze --all
[combined-provenance] D:\a\Waveframe-Guard\Waveframe-Guard\acceptance-output\ledger-extra\combined\combined-extra\Scripts\python.exe -I D:\a\Waveframe-Guard\Waveframe-Guard\acceptance-output\ledger-extra\combined\installed-support\tools\check_installed_wheel_set.py D:\a\Waveframe-Guard\Waveframe-Guard\acceptance-output\ledger-extra\combined\wheel-set.json
[combined-extra-default] D:\a\Waveframe-Guard\Waveframe-Guard\acceptance-output\ledger-extra\combined\combined-extra\Scripts\python.exe -I D:\a\Waveframe-Guard\Waveframe-Guard\acceptance-output\ledger-extra\combined\installed-support\tools\acceptance_pytest.py -q -ra --junitxml D:\a\Waveframe-Guard\Waveframe-Guard\acceptance-output\ledger-extra\combined\combined-extra-default.xml tests
ssssssssssssssssssssssssssssssssssssssssssss............................ [ 10%]
........................................................................ [ 20%]
........................................................................ [ 30%]
.............................F.......................................... [ 41%]
..............................................F......................... [ 51%]
........................................................................ [ 61%]
........................................................................ [ 71%]
........................................................................ [ 82%]
........................................................................ [ 92%]
......................................................                   [100%]
================================== FAILURES ===================================
____ test_released_guard_integration_preserves_allowed_and_blocked_replay _____

    def test_released_guard_integration_preserves_allowed_and_blocked_replay() -> None:
        version = importlib.metadata.version("waveframe-guard")
        assert version == "0.19.0"
        authority_contract = _authority_contract()
        blocked_state = _execution_state(approvals=[])
        allowed_state = _execution_state(
            approvals=[{"role": "manager", "approved_by": "manager-1"}]
        )
        inputs_before = copy.deepcopy(
            [authority_contract, blocked_state, allowed_state]
        )
    
>       blocked = replay_admissibility(
            authority_contract=authority_contract,
            execution_state=blocked_state,
        )

tests\test_guard_optional_compatibility.py:26: 
_ _ _ _ _ _ _ _ _ _ _ _ _ _ _ _ _ _ _ _ _ _ _ _ _ _ _ _ _ _ _ _ _ _ _ _ _ _ _ _
..\combined-extra\Lib\site-packages\governance_ledger\replay.py:110: in replay_admissibility
    decision = admissibility_evaluator(
_ _ _ _ _ _ _ _ _ _ _ _ _ _ _ _ _ _ _ _ _ _ _ _ _ _ _ _ _ _ _ _ _ _ _ _ _ _ _ _

contract = {'approval_requirements': {'required': [{'condition': {'field': 'amount', 'operator': '>', 'value': 1000000}, 'role': 'manager'}]}, 'contract_hash': 'sha256:contract', 'contract_id': 'finance-policy', 'contract_version': '0.1.0', ...}
execution_state = {'action': 'transfer', 'actor': {'id': 'employee-1', 'role': 'employee', 'type': 'human'}, 'approvals': [], 'arguments': {'amount': 1250000}, ...}

    def evaluate_admissibility(contract, execution_state):
        """Deprecated permission API; migrate to Guard.local()/Guard.cloud() tools."""
>       raise LegacyExecutionError("waveframe_guard.evaluate_admissibility()")
E       waveframe_guard.execute.LegacyExecutionError: GUARD_LEGACY_EXECUTION_UNSUPPORTED: waveframe_guard.evaluate_admissibility() cannot establish strict execution evidence (integrity/publication prerequisites). Migrate to Guard.local() or Guard.cloud() and guarded tools. Guard execution is never advisory.

..\combined-extra\Lib\site-packages\waveframe_guard\runtime.py:773: LegacyExecutionError
_ test_guard_0170_loads_native_v3_after_private_evidence_deletion_and_enforces _

tmp_path = WindowsPath('C:/Users/runneradmin/AppData/Local/Temp/pytest-of-runneradmin/pytest-4/test_guard_0170_loads_native_v0')

    def test_guard_0170_loads_native_v3_after_private_evidence_deletion_and_enforces(
        tmp_path: Path,
    ) -> None:
        pytest.importorskip("waveframe_guard")
        from importlib.metadata import version
    
        from guard.sdk import Guard, GuardExecutionBlocked
        from waveframe_guard.authority.adapters import LocalRegistryResolver
    
        assert version("waveframe-guard") == "0.19.0"
        assert version("governance-ledger") == "0.9.0"
    
        publication = _publish(
            _proposal(b"Agents may modify README.md and CHANGELOG.md.")
        )
        private_evidence = tmp_path / "private-translation-evidence.json"
        private_evidence.write_text(
            '{"provider":"private","request":"private","response":"private"}',
            encoding="utf-8",
        )
        private_evidence.unlink()
        assert not private_evidence.exists()
    
        public_root = tmp_path / "publication"
        contracts = public_root / "contracts"
        contracts.mkdir(parents=True)
        bundle_ref = "contracts/repository-authority-1.0.0.authority-bundle.json"
        receipt_ref = "contracts/repository-authority-1.0.0.publication-receipt.json"
        bundle = publication["authority_bundle"]
        receipt = publication["publication_receipt"]
        (public_root / bundle_ref).write_text(json.dumps(bundle), encoding="utf-8")
        (public_root / receipt_ref).write_text(json.dumps(receipt), encoding="utf-8")
        registry = {
            "schema_version": "contract_registry.v1",
            "contracts": [
                {
                    "authority_ref": "repository-authority@1.0.0",
                    "contract_id": "repository-authority",
                    "contract_version": "1.0.0",
                    "contract_hash": publication["compiled_authority_contract"][
                        "contract_hash"
                    ],
                    "bundle_path": bundle_ref,
                    "bundle_hash": bundle["bundle_hash"],
                    "receipt_path": receipt_ref,
                    "receipt_hash": receipt["receipt_hash"],
                    "publication_id": receipt["publication_id"],
                    "published_at": receipt["published_at"],
                    "published_by": receipt["published_by"],
                    "lifecycle_state": "active",
                }
            ],
        }
        registry["registry_hash"] = canonical_sha256(registry)
        registry_path = contracts / "index.json"
        registry_path.write_text(json.dumps(registry), encoding="utf-8")
    
        guard = Guard.local(
            workspace=tmp_path / "guard-evidence",
            authority="repository-authority@1.0.0",
            authority_resolver=LocalRegistryResolver(
                registry_path=registry_path,
                workspace_root=public_root,
            ),
            actor_identity={"id": "release-agent", "type": "agent"},
        )
        mutations: list[str] = []
    
        @guard.tool(action="modify", target="path", return_result=True)
        def modify(path: str) -> str:
            mutations.append(path)
            return path
    
>       assert modify("README.md")["executed"] is True
               ^^^^^^^^^^^^^^^^^^^

tests\test_policy_translation_publication_v3.py:516: 
_ _ _ _ _ _ _ _ _ _ _ _ _ _ _ _ _ _ _ _ _ _ _ _ _ _ _ _ _ _ _ _ _ _ _ _ _ _ _ _
..\combined-extra\Lib\site-packages\guard\sdk\guard.py:385: in wrapped
    result = boundary.execute(
..\combined-extra\Lib\site-packages\guard\sdk\execution.py:375: in execute
    evaluation = self.evaluate(execution_request, save=False, **{
..\combined-extra\Lib\site-packages\guard\sdk\execution.py:196: in evaluate
    with self._require_workspace().bind(
         ^^^^^^^^^^^^^^^^^^^^^^^^^
_ _ _ _ _ _ _ _ _ _ _ _ _ _ _ _ _ _ _ _ _ _ _ _ _ _ _ _ _ _ _ _ _ _ _ _ _ _ _ _

self = <guard.sdk.execution.GuardRuntimeBoundary object at 0x000002343AD982F0>

    def _require_workspace(self):
        self._check_target_binding()
        if self._repository_workspace is None:
>           raise RepositoryBoundaryError(
                "repository authority requires repository_root=<absolute protected workspace> "
                "and repository_tool(); untyped v1 non-repository targets must explicitly "
                "select target_domain='literal'"
            )
E           guard.sdk.repository_boundary.RepositoryBoundaryError: repository authority requires repository_root=<absolute protected workspace> and repository_tool(); untyped v1 non-repository targets must explicitly select target_domain='literal'

..\combined-extra\Lib\site-packages\guard\sdk\execution.py:179: RepositoryBoundaryError
- generated xml file: D:\a\Waveframe-Guard\Waveframe-Guard\acceptance-output\ledger-extra\combined\combined-extra-default.xml -
=========================== short test summary info ===========================
SKIPPED [1] tests\test_action_policy_v4.py:50: explicit action-policy development opt-in required; see docs/ACTION_POLICY_DEVELOPMENT.md
SKIPPED [3] tests\test_action_policy_v4.py:61: explicit action-policy development opt-in required; see docs/ACTION_POLICY_DEVELOPMENT.md
SKIPPED [1] tests\test_action_policy_v4.py:94: explicit action-policy development opt-in required; see docs/ACTION_POLICY_DEVELOPMENT.md
SKIPPED [1] tests\test_action_policy_v4.py:107: explicit action-policy development opt-in required; see docs/ACTION_POLICY_DEVELOPMENT.md
SKIPPED [1] tests\test_action_policy_v4.py:134: explicit action-policy development opt-in required; see docs/ACTION_POLICY_DEVELOPMENT.md
SKIPPED [1] tests\test_action_policy_v4.py:150: explicit action-policy development opt-in required; see docs/ACTION_POLICY_DEVELOPMENT.md
SKIPPED [5] tests\test_action_policy_v4.py:174: explicit action-policy development opt-in required; see docs/ACTION_POLICY_DEVELOPMENT.md
SKIPPED [2] tests\test_action_policy_v4.py:185: explicit action-policy development opt-in required; see docs/ACTION_POLICY_DEVELOPMENT.md
SKIPPED [1] tests\test_action_policy_v4.py:199: explicit action-policy development opt-in required; see docs/ACTION_POLICY_DEVELOPMENT.md
SKIPPED [1] tests\test_action_policy_v4.py:207: explicit action-policy development opt-in required; see docs/ACTION_POLICY_DEVELOPMENT.md
SKIPPED [9] tests\test_action_policy_v4.py:217: explicit action-policy development opt-in required; see docs/ACTION_POLICY_DEVELOPMENT.md
SKIPPED [1] tests\test_action_policy_v4.py:237: explicit action-policy development opt-in required; see docs/ACTION_POLICY_DEVELOPMENT.md
SKIPPED [1] tests\test_action_policy_v4.py:244: explicit action-policy development opt-in required; see docs/ACTION_POLICY_DEVELOPMENT.md
SKIPPED [5] tests\test_action_policy_v4.py:258: explicit action-policy development opt-in required; see docs/ACTION_POLICY_DEVELOPMENT.md
SKIPPED [5] tests\test_action_policy_v4.py:268: explicit action-policy development opt-in required; see docs/ACTION_POLICY_DEVELOPMENT.md
SKIPPED [1] tests\test_action_policy_v4.py:278: explicit action-policy development opt-in required; see docs/ACTION_POLICY_DEVELOPMENT.md
SKIPPED [1] tests\test_action_policy_v4.py:284: explicit action-policy development opt-in required; see docs/ACTION_POLICY_DEVELOPMENT.md
SKIPPED [1] tests\test_action_policy_v4.py:298: explicit action-policy development opt-in required; see docs/ACTION_POLICY_DEVELOPMENT.md
SKIPPED [1] tests\test_action_policy_v4.py:310: explicit action-policy development opt-in required; see docs/ACTION_POLICY_DEVELOPMENT.md
SKIPPED [1] tests\test_action_policy_v4.py:326: explicit action-policy development opt-in required; see docs/ACTION_POLICY_DEVELOPMENT.md
SKIPPED [1] tests\test_action_policy_v4.py:335: explicit action-policy development opt-in required; see docs/ACTION_POLICY_DEVELOPMENT.md
FAILED tests/test_guard_optional_compatibility.py::test_released_guard_integration_preserves_allowed_and_blocked_replay - waveframe_guard.execute.LegacyExecutionError: GUARD_LEGACY_EXECUTION_UNSUPPORTED: waveframe_guard.evaluate_admissibility() cannot establish strict execution evidence (integrity/publication prerequisites). Migrate to Guard.local() or Guard.cloud() and guarded tools. Guard execution is never advisory.
FAILED tests/test_policy_translation_publication_v3.py::test_guard_0170_loads_native_v3_after_private_evidence_deletion_and_enforces - guard.sdk.repository_boundary.RepositoryBoundaryError: repository authority requires repository_root=<absolute protected workspace> and repository_tool(); untyped v1 non-repository targets must explicitly select target_domain='literal'
2 failed, 656 passed, 44 skipped in 28.53s

Traceback (most recent call last):
  File "D:\a\Waveframe-Guard\Waveframe-Guard\.candidate50\ledger\tools\run_guard_extra_acceptance.py", line 131, in <module>
    main()
    ~~~~^^
  File "D:\a\Waveframe-Guard\Waveframe-Guard\.candidate50\ledger\tools\run_guard_extra_acceptance.py", line 122, in main
    execute(gate, args.expected_head, args.base_evidence.resolve(), args.guard_candidate.resolve())
    ~~~~~~~^^^^^^^^^^^^^^^^^^^^^^^^^^^^^^^^^^^^^^^^^^^^^^^^^^^^^^^^^^^^^^^^^^^^^^^^^^^^^^^^^^^^^^^^
  File "D:\a\Waveframe-Guard\Waveframe-Guard\.candidate50\ledger\tools\run_guard_extra_acceptance.py", line 99, in execute
    gate.suites(python, support, "combined-extra", installed=True, guard=True)
    ~~~~~~~~~~~^^^^^^^^^^^^^^^^^^^^^^^^^^^^^^^^^^^^^^^^^^^^^^^^^^^^^^^^^^^^^^^
  File "D:\a\Waveframe-Guard\Waveframe-Guard\.candidate50\ledger\tools\run_action_policy_acceptance.py", line 87, in suites
    self.run(name, python, "-I", root / "tools/acceptance_pytest.py", "-q", "-ra",
    ~~~~~~~~^^^^^^^^^^^^^^^^^^^^^^^^^^^^^^^^^^^^^^^^^^^^^^^^^^^^^^^^^^^^^^^^^^^^^^
             "--junitxml", xml, "tests", cwd=root, env=env)
             ^^^^^^^^^^^^^^^^^^^^^^^^^^^^^^^^^^^^^^^^^^^^^^
  File "D:\a\Waveframe-Guard\Waveframe-Guard\.candidate50\ledger\tools\run_action_policy_acceptance.py", line 63, in run
    raise RuntimeError(f"{label}: unexpected exit {result.returncode}")
RuntimeError: combined-extra-default: unexpected exit 1
