Looking in links: d:\a\Waveframe-Guard\Waveframe-Guard\acceptance-output\ledger-extra\wheelhouse
Processing d:\a\waveframe-guard\waveframe-guard\acceptance-output\ledger-extra\wheelhouse\governance_ledger-0.9.0-py3-none-any.whl (from governance-ledger==0.9.0)
Ignoring tomli: markers 'python_version < "3.11"' don't match your environment
Requirement already satisfied: pip==25.3 in d:\a\waveframe-guard\waveframe-guard\acceptance-output\ledger-extra\combined\combined-extra\lib\site-packages (from -r D:\a\Waveframe-Guard\Waveframe-Guard\acceptance-output\ledger-extra\installed-support\requirements-ci.txt (line 2)) (25.3)
Collecting setuptools==77.0.3 (from -r D:\a\Waveframe-Guard\Waveframe-Guard\acceptance-output\ledger-extra\installed-support\requirements-ci.txt (line 3))
  Using cached setuptools-77.0.3-py3-none-any.whl.metadata (6.6 kB)
Collecting wheel==0.45.1 (from -r D:\a\Waveframe-Guard\Waveframe-Guard\acceptance-output\ledger-extra\installed-support\requirements-ci.txt (line 4))
  Using cached wheel-0.45.1-py3-none-any.whl.metadata (2.3 kB)
Collecting build==1.3.0 (from -r D:\a\Waveframe-Guard\Waveframe-Guard\acceptance-output\ledger-extra\installed-support\requirements-ci.txt (line 5))
  Downloading build-1.3.0-py3-none-any.whl.metadata (5.6 kB)
Collecting twine==6.2.0 (from -r D:\a\Waveframe-Guard\Waveframe-Guard\acceptance-output\ledger-extra\installed-support\requirements-ci.txt (line 6))
  Downloading twine-6.2.0-py3-none-any.whl.metadata (3.6 kB)
Collecting pytest==8.4.2 (from -r D:\a\Waveframe-Guard\Waveframe-Guard\acceptance-output\ledger-extra\installed-support\requirements-ci.txt (line 7))
  Downloading pytest-8.4.2-py3-none-any.whl.metadata (7.7 kB)
Collecting jsonschema==4.25.1 (from -r D:\a\Waveframe-Guard\Waveframe-Guard\acceptance-output\ledger-extra\installed-support\requirements-ci.txt (line 8))
  Downloading jsonschema-4.25.1-py3-none-any.whl.metadata (7.6 kB)
Collecting packaging==25.0 (from -r D:\a\Waveframe-Guard\Waveframe-Guard\acceptance-output\ledger-extra\installed-support\requirements-ci.txt (line 9))
  Downloading packaging-25.0-py3-none-any.whl.metadata (3.3 kB)
Processing d:\a\waveframe-guard\waveframe-guard\acceptance-output\ledger-extra\wheelhouse\cricore_contract_compiler-0.5.0-py3-none-any.whl (from governance-ledger==0.9.0->governance-ledger==0.9.0)
Processing d:\a\waveframe-guard\waveframe-guard\acceptance-output\ledger-extra\wheelhouse\waveframe_guard-0.19.0-py3-none-any.whl (from governance-ledger==0.9.0->governance-ledger==0.9.0)
Collecting pyproject_hooks (from build==1.3.0->-r D:\a\Waveframe-Guard\Waveframe-Guard\acceptance-output\ledger-extra\installed-support\requirements-ci.txt (line 5))
  Using cached pyproject_hooks-1.2.0-py3-none-any.whl.metadata (1.3 kB)
Collecting colorama (from build==1.3.0->-r D:\a\Waveframe-Guard\Waveframe-Guard\acceptance-output\ledger-extra\installed-support\requirements-ci.txt (line 5))
  Using cached colorama-0.4.6-py2.py3-none-any.whl.metadata (17 kB)
Collecting readme-renderer>=35.0 (from twine==6.2.0->-r D:\a\Waveframe-Guard\Waveframe-Guard\acceptance-output\ledger-extra\installed-support\requirements-ci.txt (line 6))
  Using cached readme_renderer-46.0-py3-none-any.whl.metadata (3.0 kB)
Collecting requests>=2.20 (from twine==6.2.0->-r D:\a\Waveframe-Guard\Waveframe-Guard\acceptance-output\ledger-extra\installed-support\requirements-ci.txt (line 6))
  Using cached requests-2.34.2-py3-none-any.whl.metadata (4.8 kB)
Collecting requests-toolbelt!=0.9.0,>=0.8.0 (from twine==6.2.0->-r D:\a\Waveframe-Guard\Waveframe-Guard\acceptance-output\ledger-extra\installed-support\requirements-ci.txt (line 6))
  Using cached requests_toolbelt-1.0.0-py2.py3-none-any.whl.metadata (14 kB)
Collecting urllib3>=1.26.0 (from twine==6.2.0->-r D:\a\Waveframe-Guard\Waveframe-Guard\acceptance-output\ledger-extra\installed-support\requirements-ci.txt (line 6))
  Using cached urllib3-2.7.0-py3-none-any.whl.metadata (6.9 kB)
Collecting keyring>=21.2.0 (from twine==6.2.0->-r D:\a\Waveframe-Guard\Waveframe-Guard\acceptance-output\ledger-extra\installed-support\requirements-ci.txt (line 6))
  Using cached keyring-25.7.0-py3-none-any.whl.metadata (21 kB)
Collecting rfc3986>=1.4.0 (from twine==6.2.0->-r D:\a\Waveframe-Guard\Waveframe-Guard\acceptance-output\ledger-extra\installed-support\requirements-ci.txt (line 6))
  Using cached rfc3986-2.0.0-py2.py3-none-any.whl.metadata (6.6 kB)
Collecting rich>=12.0.0 (from twine==6.2.0->-r D:\a\Waveframe-Guard\Waveframe-Guard\acceptance-output\ledger-extra\installed-support\requirements-ci.txt (line 6))
  Using cached rich-15.0.0-py3-none-any.whl.metadata (18 kB)
Collecting id (from twine==6.2.0->-r D:\a\Waveframe-Guard\Waveframe-Guard\acceptance-output\ledger-extra\installed-support\requirements-ci.txt (line 6))
  Using cached id-1.6.1-py3-none-any.whl.metadata (5.1 kB)
Collecting iniconfig>=1 (from pytest==8.4.2->-r D:\a\Waveframe-Guard\Waveframe-Guard\acceptance-output\ledger-extra\installed-support\requirements-ci.txt (line 7))
  Using cached iniconfig-2.3.0-py3-none-any.whl.metadata (2.5 kB)
Collecting pluggy<2,>=1.5 (from pytest==8.4.2->-r D:\a\Waveframe-Guard\Waveframe-Guard\acceptance-output\ledger-extra\installed-support\requirements-ci.txt (line 7))
  Using cached pluggy-1.6.0-py3-none-any.whl.metadata (4.8 kB)
Collecting pygments>=2.7.2 (from pytest==8.4.2->-r D:\a\Waveframe-Guard\Waveframe-Guard\acceptance-output\ledger-extra\installed-support\requirements-ci.txt (line 7))
  Using cached pygments-2.21.0-py3-none-any.whl.metadata (2.5 kB)
Collecting attrs>=22.2.0 (from jsonschema==4.25.1->-r D:\a\Waveframe-Guard\Waveframe-Guard\acceptance-output\ledger-extra\installed-support\requirements-ci.txt (line 8))
  Using cached attrs-26.1.0-py3-none-any.whl.metadata (8.8 kB)
Collecting jsonschema-specifications>=2023.03.6 (from jsonschema==4.25.1->-r D:\a\Waveframe-Guard\Waveframe-Guard\acceptance-output\ledger-extra\installed-support\requirements-ci.txt (line 8))
  Using cached jsonschema_specifications-2025.9.1-py3-none-any.whl.metadata (2.9 kB)
Collecting referencing>=0.28.4 (from jsonschema==4.25.1->-r D:\a\Waveframe-Guard\Waveframe-Guard\acceptance-output\ledger-extra\installed-support\requirements-ci.txt (line 8))
  Using cached referencing-0.37.0-py3-none-any.whl.metadata (2.8 kB)
Collecting rpds-py>=0.7.1 (from jsonschema==4.25.1->-r D:\a\Waveframe-Guard\Waveframe-Guard\acceptance-output\ledger-extra\installed-support\requirements-ci.txt (line 8))
  Using cached rpds_py-2026.6.3-cp314-cp314-win_amd64.whl.metadata (4.2 kB)
Collecting cricore<0.15.0,>=0.13.0 (from waveframe-guard<0.20.0,>=0.19.0->governance-ledger==0.9.0->governance-ledger==0.9.0)
  Using cached cricore-0.14.0-py3-none-any.whl.metadata (9.2 kB)
Collecting cricore-proposal-normalizer<0.3.0,>=0.2.0 (from waveframe-guard<0.20.0,>=0.19.0->governance-ledger==0.9.0->governance-ledger==0.9.0)
  Using cached cricore_proposal_normalizer-0.2.0-py3-none-any.whl.metadata (4.6 kB)
Collecting charset_normalizer<4,>=2 (from requests>=2.20->twine==6.2.0->-r D:\a\Waveframe-Guard\Waveframe-Guard\acceptance-output\ledger-extra\installed-support\requirements-ci.txt (line 6))
  Using cached charset_normalizer-3.5.1-cp314-cp314-win_amd64.whl.metadata (46 kB)
Collecting idna<4,>=2.5 (from requests>=2.20->twine==6.2.0->-r D:\a\Waveframe-Guard\Waveframe-Guard\acceptance-output\ledger-extra\installed-support\requirements-ci.txt (line 6))
  Using cached idna-3.19-py3-none-any.whl.metadata (9.2 kB)
Collecting certifi>=2023.5.7 (from requests>=2.20->twine==6.2.0->-r D:\a\Waveframe-Guard\Waveframe-Guard\acceptance-output\ledger-extra\installed-support\requirements-ci.txt (line 6))
  Using cached certifi-2026.7.22-py3-none-any.whl.metadata (2.5 kB)
Collecting pywin32-ctypes>=0.2.0 (from keyring>=21.2.0->twine==6.2.0->-r D:\a\Waveframe-Guard\Waveframe-Guard\acceptance-output\ledger-extra\installed-support\requirements-ci.txt (line 6))
  Using cached pywin32_ctypes-0.2.3-py3-none-any.whl.metadata (3.9 kB)
Collecting jaraco.classes (from keyring>=21.2.0->twine==6.2.0->-r D:\a\Waveframe-Guard\Waveframe-Guard\acceptance-output\ledger-extra\installed-support\requirements-ci.txt (line 6))
  Using cached jaraco.classes-3.4.0-py3-none-any.whl.metadata (2.6 kB)
Collecting jaraco.functools (from keyring>=21.2.0->twine==6.2.0->-r D:\a\Waveframe-Guard\Waveframe-Guard\acceptance-output\ledger-extra\installed-support\requirements-ci.txt (line 6))
  Using cached jaraco_functools-4.6.0-py3-none-any.whl.metadata (2.9 kB)
Collecting jaraco.context (from keyring>=21.2.0->twine==6.2.0->-r D:\a\Waveframe-Guard\Waveframe-Guard\acceptance-output\ledger-extra\installed-support\requirements-ci.txt (line 6))
  Using cached jaraco_context-6.1.2-py3-none-any.whl.metadata (4.2 kB)
Collecting nh3>=0.2.14 (from readme-renderer>=35.0->twine==6.2.0->-r D:\a\Waveframe-Guard\Waveframe-Guard\acceptance-output\ledger-extra\installed-support\requirements-ci.txt (line 6))
  Using cached nh3-0.3.7-cp38-abi3-win_amd64.whl.metadata (2.0 kB)
Collecting docutils>=0.21.2 (from readme-renderer>=35.0->twine==6.2.0->-r D:\a\Waveframe-Guard\Waveframe-Guard\acceptance-output\ledger-extra\installed-support\requirements-ci.txt (line 6))
  Using cached docutils-0.23-py3-none-any.whl.metadata (15 kB)
Collecting markdown-it-py>=2.2.0 (from rich>=12.0.0->twine==6.2.0->-r D:\a\Waveframe-Guard\Waveframe-Guard\acceptance-output\ledger-extra\installed-support\requirements-ci.txt (line 6))
  Using cached markdown_it_py-4.2.0-py3-none-any.whl.metadata (7.4 kB)
Collecting mdurl~=0.1 (from markdown-it-py>=2.2.0->rich>=12.0.0->twine==6.2.0->-r D:\a\Waveframe-Guard\Waveframe-Guard\acceptance-output\ledger-extra\installed-support\requirements-ci.txt (line 6))
  Using cached mdurl-0.1.2-py3-none-any.whl.metadata (1.6 kB)
Collecting more-itertools (from jaraco.classes->keyring>=21.2.0->twine==6.2.0->-r D:\a\Waveframe-Guard\Waveframe-Guard\acceptance-output\ledger-extra\installed-support\requirements-ci.txt (line 6))
  Using cached more_itertools-11.1.0-py3-none-any.whl.metadata (41 kB)
Using cached setuptools-77.0.3-py3-none-any.whl (1.3 MB)
Using cached wheel-0.45.1-py3-none-any.whl (72 kB)
Downloading build-1.3.0-py3-none-any.whl (23 kB)
Downloading twine-6.2.0-py3-none-any.whl (42 kB)
Downloading pytest-8.4.2-py3-none-any.whl (365 kB)
Downloading jsonschema-4.25.1-py3-none-any.whl (90 kB)
Downloading packaging-25.0-py3-none-any.whl (66 kB)
Using cached pluggy-1.6.0-py3-none-any.whl (20 kB)
Using cached cricore-0.14.0-py3-none-any.whl (45 kB)
Using cached cricore_proposal_normalizer-0.2.0-py3-none-any.whl (10 kB)
Using cached requests-2.34.2-py3-none-any.whl (73 kB)
Using cached charset_normalizer-3.5.1-cp314-cp314-win_amd64.whl (204 kB)
Using cached idna-3.19-py3-none-any.whl (68 kB)
Using cached urllib3-2.7.0-py3-none-any.whl (131 kB)
Using cached attrs-26.1.0-py3-none-any.whl (67 kB)
Using cached certifi-2026.7.22-py3-none-any.whl (136 kB)
Using cached colorama-0.4.6-py2.py3-none-any.whl (25 kB)
Using cached iniconfig-2.3.0-py3-none-any.whl (7.5 kB)
Using cached jsonschema_specifications-2025.9.1-py3-none-any.whl (18 kB)
Using cached keyring-25.7.0-py3-none-any.whl (39 kB)
Using cached pygments-2.21.0-py3-none-any.whl (1.3 MB)
Using cached pywin32_ctypes-0.2.3-py3-none-any.whl (30 kB)
Using cached readme_renderer-46.0-py3-none-any.whl (14 kB)
Using cached docutils-0.23-py3-none-any.whl (634 kB)
Using cached nh3-0.3.7-cp38-abi3-win_amd64.whl (644 kB)
Using cached referencing-0.37.0-py3-none-any.whl (26 kB)
Using cached requests_toolbelt-1.0.0-py2.py3-none-any.whl (54 kB)
Using cached rfc3986-2.0.0-py2.py3-none-any.whl (31 kB)
Using cached rich-15.0.0-py3-none-any.whl (310 kB)
Using cached markdown_it_py-4.2.0-py3-none-any.whl (91 kB)
Using cached mdurl-0.1.2-py3-none-any.whl (10.0 kB)
Using cached rpds_py-2026.6.3-cp314-cp314-win_amd64.whl (220 kB)
Using cached id-1.6.1-py3-none-any.whl (14 kB)
Using cached jaraco.classes-3.4.0-py3-none-any.whl (6.8 kB)
Using cached jaraco_context-6.1.2-py3-none-any.whl (7.9 kB)
Using cached jaraco_functools-4.6.0-py3-none-any.whl (11 kB)
Using cached more_itertools-11.1.0-py3-none-any.whl (72 kB)
Using cached pyproject_hooks-1.2.0-py3-none-any.whl (10 kB)
Installing collected packages: wheel, urllib3, setuptools, rpds-py, rfc3986, pywin32-ctypes, pyproject_hooks, pygments, pluggy, packaging, nh3, more-itertools, mdurl, jaraco.context, iniconfig, idna, docutils, cricore-proposal-normalizer, cricore, colorama, charset_normalizer, certifi, attrs, requests, referencing, readme-renderer, pytest, markdown-it-py, jaraco.functools, jaraco.classes, id, build, rich, requests-toolbelt, keyring, jsonschema-specifications, twine, jsonschema, cricore-contract-compiler, governance-ledger, waveframe-guard

Successfully installed attrs-26.1.0 build-1.3.0 certifi-2026.7.22 charset_normalizer-3.5.1 colorama-0.4.6 cricore-0.14.0 cricore-contract-compiler-0.5.0 cricore-proposal-normalizer-0.2.0 docutils-0.23 governance-ledger-0.9.0 id-1.6.1 idna-3.19 iniconfig-2.3.0 jaraco.classes-3.4.0 jaraco.context-6.1.2 jaraco.functools-4.6.0 jsonschema-4.25.1 jsonschema-specifications-2025.9.1 keyring-25.7.0 markdown-it-py-4.2.0 mdurl-0.1.2 more-itertools-11.1.0 nh3-0.3.7 packaging-25.0 pluggy-1.6.0 pygments-2.21.0 pyproject_hooks-1.2.0 pytest-8.4.2 pywin32-ctypes-0.2.3 readme-renderer-46.0 referencing-0.37.0 requests-2.34.2 requests-toolbelt-1.0.0 rfc3986-2.0.0 rich-15.0.0 rpds-py-2026.6.3 setuptools-77.0.3 twine-6.2.0 urllib3-2.7.0 waveframe-guard-0.19.0 wheel-0.45.1
