attrs==26.1.0
build==1.3.0
certifi==2026.7.22
charset-normalizer==3.5.1
colorama==0.4.6
cricore==0.14.0
cricore-contract-compiler==0.5.0
cricore-proposal-normalizer==0.2.0
docutils==0.23
governance-ledger @ file:///D:/a/Waveframe-Guard/Waveframe-Guard/acceptance-output/ledger-extra/wheelhouse/governance_ledger-0.9.0-py3-none-any.whl#sha256=d7710160038b107bc2aae83680b84c85cb11b149927c60c171a3ff6bb2059d82
id==1.6.1
idna==3.19
iniconfig==2.3.0
jaraco.classes==3.4.0
jaraco.context==6.1.2
jaraco.functools==4.6.0
jsonschema==4.25.1
jsonschema-specifications==2025.9.1
keyring==25.7.0
markdown-it-py==4.2.0
mdurl==0.1.2
more-itertools==11.1.0
nh3==0.3.7
packaging==25.0
pip==25.3
pluggy==1.6.0
Pygments==2.21.0
pyproject_hooks==1.2.0
pytest==8.4.2
pywin32-ctypes==0.2.3
readme_renderer==46.0
referencing==0.37.0
requests==2.34.2
requests-toolbelt==1.0.0
rfc3986==2.0.0
rich==15.0.0
rpds-py==2026.6.3
setuptools==77.0.3
twine==6.2.0
urllib3==2.7.0
waveframe-guard==0.19.0
wheel==0.45.1
