{
  "version": "0.5.0",
  "module_paths": {
    "compiler": "D:\\a\\Waveframe-Ledger\\Waveframe-Ledger\\runtime\\issue25-base\\installed\\Lib\\site-packages\\compiler\\__init__.py"
  },
  "wheel_sha256": "f0d7aa912d0453ea6da2c63c084cc5b8e9ee5507bd05b482086e8c837da7b1d6",
  "direct_url": {
    "archive_info": {
      "hash": "sha256=f0d7aa912d0453ea6da2c63c084cc5b8e9ee5507bd05b482086e8c837da7b1d6",
      "hashes": {
        "sha256": "f0d7aa912d0453ea6da2c63c084cc5b8e9ee5507bd05b482086e8c837da7b1d6"
      }
    },
    "url": "file:///D:/a/Waveframe-Ledger/Waveframe-Ledger/runtime/issue25-inputs/windows-3.10/ledger-extra/retained-base/cricore_contract_compiler-0.5.0-py3-none-any.whl"
  },
  "origins": [
    {
      "archive_info": {
        "hash": "sha256=f0d7aa912d0453ea6da2c63c084cc5b8e9ee5507bd05b482086e8c837da7b1d6",
        "hashes": {
          "sha256": "f0d7aa912d0453ea6da2c63c084cc5b8e9ee5507bd05b482086e8c837da7b1d6"
        }
      },
      "url": "file:///D:/a/Waveframe-Ledger/Waveframe-Ledger/runtime/issue25-inputs/windows-3.10/ledger-extra/retained-base/cricore_contract_compiler-0.5.0-py3-none-any.whl"
    },
    {
      "url": "file:///D:/a/Waveframe-Ledger/Waveframe-Ledger/runtime/issue25-inputs/windows-3.10/ledger-extra/retained-base/cricore_contract_compiler-0.5.0-py3-none-any.whl",
      "archive_info": {
        "hash": "sha256=f0d7aa912d0453ea6da2c63c084cc5b8e9ee5507bd05b482086e8c837da7b1d6",
        "hashes": {
          "sha256": "f0d7aa912d0453ea6da2c63c084cc5b8e9ee5507bd05b482086e8c837da7b1d6"
        }
      }
    }
  ],
  "installed_sha256": {
    "compiler/__init__.py": "a2e50fdb287b957b15590a9a4619ba5f580187b9ce26ca95b51e4f84a6743957",
    "compiler/_version.py": "bcb4491e60682d0b08fc1b520bf31ef0c7764ca7fb4e60d23c2766a6c0b5253a",
    "compiler/cli.py": "76ae98a49eb51959fd8d8a29ce5d231536ab81139397ecfba834a109da95dd36",
    "compiler/compile_action_policy.py": "e3459087c66b0faf2fd807afb504dccd04beb669107f87ebc9d9457d33b27331",
    "compiler/compile_policy.py": "fbeb11c69297160e50318cd4c96eda5213f23168d89d2f744ddd786331c9ce17",
    "compiler/compile_policy_file.py": "5426a4c23f1f2509282523e3b627685c22254ba3db993c8b0ca09f5789471436",
    "compiler/contract_hash.py": "737d2ab98f61a3959219010ee6e11db0ea7fb5da8d3dcaa48f27fcc6d18b0d37",
    "compiler/load_policy.py": "e43981793058e6b8d0e882557f897b5fddb7ccb1649fbe4a3075578478c10b58",
    "compiler/write_compiled_contract.py": "18ddd592918198811f09b82938558b0943fff0653d0bf8c621847c10fc32002c",
    "compiler/schemas/action_policy.schema.json": "5695cd1c2330778f099948cf2c92e1b6b2015ceb0007586b883e83cedd979a2c",
    "compiler/schemas/compiled_action_contract.schema.json": "f11f53593a641fb6f9518af33256d34b44885cb5410d9c2627c9bcf133072d33",
    "compiler/schemas/policy.schema.json": "d88499c1534f45298082784d4facd6a1599db300218eb9ec86e03db9f6fbb24f",
    "cricore_contract_compiler-0.5.0.dist-info/licenses/LICENSE": "1eb85fc97224598dad1852b5d6483bbcf0aa8608790dcc657a5a2a761ae9c8c6",
    "cricore_contract_compiler-0.5.0.dist-info/METADATA": "1506f14eac98959e62cf4a089b342c1ba3a459ac4549c76150b47a612cfd2de2",
    "cricore_contract_compiler-0.5.0.dist-info/WHEEL": "d6d5def606343d86adacc3cc0ddea35ea8dfa73fc1f96aa6df608f7d10b9f175",
    "cricore_contract_compiler-0.5.0.dist-info/entry_points.txt": "568dd1b0be38585fc3a2c1e9f1b0b617288a1b473a1a7f9d277eb9ec24d19abb",
    "cricore_contract_compiler-0.5.0.dist-info/top_level.txt": "850d9371d0ce2cb083d4075d7eec49f2f6f3c2bee5b58d0226b36028ae84efe0"
  }
}
