Obtaining file:///D:/a/Waveframe-Ledger/Waveframe-Ledger
  DEPRECATION: Setting PIP_CONSTRAINT will not affect build constraints in the future, pip 26.2 will enforce this behaviour change. A possible replacement is to specify build constraints using --build-constraint or PIP_BUILD_CONSTRAINT. To disable this warning without any build constraints set --use-feature=build-constraint or PIP_USE_FEATURE="build-constraint".
  Installing build dependencies: started
  Installing build dependencies: finished with status 'done'
  Checking if build backend supports build_editable: started
  Checking if build backend supports build_editable: finished with status 'done'
  Getting requirements to build editable: started
  Getting requirements to build editable: finished with status 'done'
  Preparing editable metadata (pyproject.toml): started
  Preparing editable metadata (pyproject.toml): finished with status 'done'
Collecting cricore-contract-compiler@ git+https://github.com/Waveframe-Labs/cricore-contract-compiler.git@ae590dee058d3481e384dea850d5b7d980f533ff (from -r D:\a\Waveframe-Ledger\Waveframe-Ledger\requirements-action-policy-dev.txt (line 3))
  Cloning https://github.com/Waveframe-Labs/cricore-contract-compiler.git (to revision ae590dee058d3481e384dea850d5b7d980f533ff) to c:\users\runneradmin\appdata\local\temp\pip-install-rglgfm4u\cricore-contract-compiler_e5bfc84ff5ef4f0a908f82301c9fdd28
  Running command git clone --filter=blob:none --quiet https://github.com/Waveframe-Labs/cricore-contract-compiler.git 'C:\Users\runneradmin\AppData\Local\Temp\pip-install-rglgfm4u\cricore-contract-compiler_e5bfc84ff5ef4f0a908f82301c9fdd28'
  Running command git rev-parse -q --verify 'sha^ae590dee058d3481e384dea850d5b7d980f533ff'
  Running command git fetch -q https://github.com/Waveframe-Labs/cricore-contract-compiler.git ae590dee058d3481e384dea850d5b7d980f533ff
  Running command git checkout -q ae590dee058d3481e384dea850d5b7d980f533ff
  Resolved https://github.com/Waveframe-Labs/cricore-contract-compiler.git to commit ae590dee058d3481e384dea850d5b7d980f533ff
  Installing build dependencies: started
  Installing build dependencies: finished with status 'done'
  Getting requirements to build wheel: started
  Getting requirements to build wheel: finished with status 'done'
  Preparing metadata (pyproject.toml): started
  Preparing metadata (pyproject.toml): finished with status 'done'
Requirement already satisfied: pip==25.3 in d:\a\waveframe-ledger\waveframe-ledger\runtime\issue25-base\source\lib\site-packages (from -r D:\a\Waveframe-Ledger\Waveframe-Ledger\requirements-ci.txt (line 2)) (25.3)
Collecting setuptools==77.0.3 (from -r D:\a\Waveframe-Ledger\Waveframe-Ledger\requirements-ci.txt (line 3))
  Using cached setuptools-77.0.3-py3-none-any.whl.metadata (6.6 kB)
Collecting wheel==0.45.1 (from -r D:\a\Waveframe-Ledger\Waveframe-Ledger\requirements-ci.txt (line 4))
  Using cached wheel-0.45.1-py3-none-any.whl.metadata (2.3 kB)
Collecting build==1.3.0 (from -r D:\a\Waveframe-Ledger\Waveframe-Ledger\requirements-ci.txt (line 5))
  Using cached build-1.3.0-py3-none-any.whl.metadata (5.6 kB)
Collecting twine==6.2.0 (from -r D:\a\Waveframe-Ledger\Waveframe-Ledger\requirements-ci.txt (line 6))
  Using cached twine-6.2.0-py3-none-any.whl.metadata (3.6 kB)
Collecting pytest==8.4.2 (from -r D:\a\Waveframe-Ledger\Waveframe-Ledger\requirements-ci.txt (line 7))
  Using cached pytest-8.4.2-py3-none-any.whl.metadata (7.7 kB)
Collecting jsonschema==4.25.1 (from -r D:\a\Waveframe-Ledger\Waveframe-Ledger\requirements-ci.txt (line 8))
  Using cached jsonschema-4.25.1-py3-none-any.whl.metadata (7.6 kB)
Collecting packaging==25.0 (from -r D:\a\Waveframe-Ledger\Waveframe-Ledger\requirements-ci.txt (line 9))
  Using cached packaging-25.0-py3-none-any.whl.metadata (3.3 kB)
Collecting tomli==2.3.0 (from -r D:\a\Waveframe-Ledger\Waveframe-Ledger\requirements-ci.txt (line 10))
  Using cached tomli-2.3.0-py3-none-any.whl.metadata (10 kB)
Collecting pyproject_hooks (from build==1.3.0->-r D:\a\Waveframe-Ledger\Waveframe-Ledger\requirements-ci.txt (line 5))
  Using cached pyproject_hooks-1.2.0-py3-none-any.whl.metadata (1.3 kB)
Collecting colorama (from build==1.3.0->-r D:\a\Waveframe-Ledger\Waveframe-Ledger\requirements-ci.txt (line 5))
  Using cached colorama-0.4.6-py2.py3-none-any.whl.metadata (17 kB)
Collecting readme-renderer>=35.0 (from twine==6.2.0->-r D:\a\Waveframe-Ledger\Waveframe-Ledger\requirements-ci.txt (line 6))
  Using cached readme_renderer-46.0-py3-none-any.whl.metadata (3.0 kB)
Collecting requests>=2.20 (from twine==6.2.0->-r D:\a\Waveframe-Ledger\Waveframe-Ledger\requirements-ci.txt (line 6))
  Using cached requests-2.34.2-py3-none-any.whl.metadata (4.8 kB)
Collecting requests-toolbelt!=0.9.0,>=0.8.0 (from twine==6.2.0->-r D:\a\Waveframe-Ledger\Waveframe-Ledger\requirements-ci.txt (line 6))
  Using cached requests_toolbelt-1.0.0-py2.py3-none-any.whl.metadata (14 kB)
Collecting urllib3>=1.26.0 (from twine==6.2.0->-r D:\a\Waveframe-Ledger\Waveframe-Ledger\requirements-ci.txt (line 6))
  Using cached urllib3-2.7.0-py3-none-any.whl.metadata (6.9 kB)
Collecting keyring>=21.2.0 (from twine==6.2.0->-r D:\a\Waveframe-Ledger\Waveframe-Ledger\requirements-ci.txt (line 6))
  Using cached keyring-25.7.0-py3-none-any.whl.metadata (21 kB)
Collecting rfc3986>=1.4.0 (from twine==6.2.0->-r D:\a\Waveframe-Ledger\Waveframe-Ledger\requirements-ci.txt (line 6))
  Using cached rfc3986-2.0.0-py2.py3-none-any.whl.metadata (6.6 kB)
Collecting rich>=12.0.0 (from twine==6.2.0->-r D:\a\Waveframe-Ledger\Waveframe-Ledger\requirements-ci.txt (line 6))
  Using cached rich-15.0.0-py3-none-any.whl.metadata (18 kB)
Collecting id (from twine==6.2.0->-r D:\a\Waveframe-Ledger\Waveframe-Ledger\requirements-ci.txt (line 6))
  Using cached id-1.6.1-py3-none-any.whl.metadata (5.1 kB)
Collecting exceptiongroup>=1 (from pytest==8.4.2->-r D:\a\Waveframe-Ledger\Waveframe-Ledger\requirements-ci.txt (line 7))
  Using cached exceptiongroup-1.3.1-py3-none-any.whl.metadata (6.7 kB)
Collecting iniconfig>=1 (from pytest==8.4.2->-r D:\a\Waveframe-Ledger\Waveframe-Ledger\requirements-ci.txt (line 7))
  Using cached iniconfig-2.3.0-py3-none-any.whl.metadata (2.5 kB)
Collecting pluggy<2,>=1.5 (from pytest==8.4.2->-r D:\a\Waveframe-Ledger\Waveframe-Ledger\requirements-ci.txt (line 7))
  Using cached pluggy-1.6.0-py3-none-any.whl.metadata (4.8 kB)
Collecting pygments>=2.7.2 (from pytest==8.4.2->-r D:\a\Waveframe-Ledger\Waveframe-Ledger\requirements-ci.txt (line 7))
  Using cached pygments-2.21.0-py3-none-any.whl.metadata (2.5 kB)
Collecting attrs>=22.2.0 (from jsonschema==4.25.1->-r D:\a\Waveframe-Ledger\Waveframe-Ledger\requirements-ci.txt (line 8))
  Using cached attrs-26.1.0-py3-none-any.whl.metadata (8.8 kB)
Collecting jsonschema-specifications>=2023.03.6 (from jsonschema==4.25.1->-r D:\a\Waveframe-Ledger\Waveframe-Ledger\requirements-ci.txt (line 8))
  Using cached jsonschema_specifications-2025.9.1-py3-none-any.whl.metadata (2.9 kB)
Collecting referencing>=0.28.4 (from jsonschema==4.25.1->-r D:\a\Waveframe-Ledger\Waveframe-Ledger\requirements-ci.txt (line 8))
  Using cached referencing-0.37.0-py3-none-any.whl.metadata (2.8 kB)
Collecting rpds-py>=0.7.1 (from jsonschema==4.25.1->-r D:\a\Waveframe-Ledger\Waveframe-Ledger\requirements-ci.txt (line 8))
  Using cached rpds_py-0.30.0-cp310-cp310-win_amd64.whl.metadata (4.2 kB)
Collecting typing-extensions>=4.6.0 (from exceptiongroup>=1->pytest==8.4.2->-r D:\a\Waveframe-Ledger\Waveframe-Ledger\requirements-ci.txt (line 7))
  Using cached typing_extensions-4.16.0-py3-none-any.whl.metadata (3.3 kB)
Collecting pywin32-ctypes>=0.2.0 (from keyring>=21.2.0->twine==6.2.0->-r D:\a\Waveframe-Ledger\Waveframe-Ledger\requirements-ci.txt (line 6))
  Using cached pywin32_ctypes-0.2.3-py3-none-any.whl.metadata (3.9 kB)
Collecting importlib_metadata>=4.11.4 (from keyring>=21.2.0->twine==6.2.0->-r D:\a\Waveframe-Ledger\Waveframe-Ledger\requirements-ci.txt (line 6))
  Using cached importlib_metadata-9.0.1-py3-none-any.whl.metadata (4.5 kB)
Collecting jaraco.classes (from keyring>=21.2.0->twine==6.2.0->-r D:\a\Waveframe-Ledger\Waveframe-Ledger\requirements-ci.txt (line 6))
  Using cached jaraco.classes-3.4.0-py3-none-any.whl.metadata (2.6 kB)
Collecting jaraco.functools (from keyring>=21.2.0->twine==6.2.0->-r D:\a\Waveframe-Ledger\Waveframe-Ledger\requirements-ci.txt (line 6))
  Using cached jaraco_functools-4.6.0-py3-none-any.whl.metadata (2.9 kB)
Collecting jaraco.context (from keyring>=21.2.0->twine==6.2.0->-r D:\a\Waveframe-Ledger\Waveframe-Ledger\requirements-ci.txt (line 6))
  Using cached jaraco_context-6.1.2-py3-none-any.whl.metadata (4.2 kB)
Collecting zipp>=3.20 (from importlib_metadata>=4.11.4->keyring>=21.2.0->twine==6.2.0->-r D:\a\Waveframe-Ledger\Waveframe-Ledger\requirements-ci.txt (line 6))
  Using cached zipp-4.1.0-py3-none-any.whl.metadata (3.6 kB)
Collecting nh3>=0.2.14 (from readme-renderer>=35.0->twine==6.2.0->-r D:\a\Waveframe-Ledger\Waveframe-Ledger\requirements-ci.txt (line 6))
  Using cached nh3-0.3.7-cp38-abi3-win_amd64.whl.metadata (2.0 kB)
Collecting docutils>=0.21.2 (from readme-renderer>=35.0->twine==6.2.0->-r D:\a\Waveframe-Ledger\Waveframe-Ledger\requirements-ci.txt (line 6))
  Using cached docutils-0.23-py3-none-any.whl.metadata (15 kB)
Collecting charset_normalizer<4,>=2 (from requests>=2.20->twine==6.2.0->-r D:\a\Waveframe-Ledger\Waveframe-Ledger\requirements-ci.txt (line 6))
  Using cached charset_normalizer-3.5.1-cp310-cp310-win_amd64.whl.metadata (46 kB)
Collecting idna<4,>=2.5 (from requests>=2.20->twine==6.2.0->-r D:\a\Waveframe-Ledger\Waveframe-Ledger\requirements-ci.txt (line 6))
  Using cached idna-3.19-py3-none-any.whl.metadata (9.2 kB)
Collecting certifi>=2023.5.7 (from requests>=2.20->twine==6.2.0->-r D:\a\Waveframe-Ledger\Waveframe-Ledger\requirements-ci.txt (line 6))
  Using cached certifi-2026.7.22-py3-none-any.whl.metadata (2.5 kB)
Collecting markdown-it-py>=2.2.0 (from rich>=12.0.0->twine==6.2.0->-r D:\a\Waveframe-Ledger\Waveframe-Ledger\requirements-ci.txt (line 6))
  Using cached markdown_it_py-4.2.0-py3-none-any.whl.metadata (7.4 kB)
Collecting mdurl~=0.1 (from markdown-it-py>=2.2.0->rich>=12.0.0->twine==6.2.0->-r D:\a\Waveframe-Ledger\Waveframe-Ledger\requirements-ci.txt (line 6))
  Using cached mdurl-0.1.2-py3-none-any.whl.metadata (1.6 kB)
Collecting more-itertools (from jaraco.classes->keyring>=21.2.0->twine==6.2.0->-r D:\a\Waveframe-Ledger\Waveframe-Ledger\requirements-ci.txt (line 6))
  Using cached more_itertools-11.1.0-py3-none-any.whl.metadata (41 kB)
Collecting backports.tarfile (from jaraco.context->keyring>=21.2.0->twine==6.2.0->-r D:\a\Waveframe-Ledger\Waveframe-Ledger\requirements-ci.txt (line 6))
  Using cached backports.tarfile-1.2.0-py3-none-any.whl.metadata (2.0 kB)
Using cached setuptools-77.0.3-py3-none-any.whl (1.3 MB)
Using cached wheel-0.45.1-py3-none-any.whl (72 kB)
Using cached build-1.3.0-py3-none-any.whl (23 kB)
Using cached twine-6.2.0-py3-none-any.whl (42 kB)
Using cached pytest-8.4.2-py3-none-any.whl (365 kB)
Using cached jsonschema-4.25.1-py3-none-any.whl (90 kB)
Using cached packaging-25.0-py3-none-any.whl (66 kB)
Using cached tomli-2.3.0-py3-none-any.whl (14 kB)
Using cached pluggy-1.6.0-py3-none-any.whl (20 kB)
Using cached attrs-26.1.0-py3-none-any.whl (67 kB)
Using cached colorama-0.4.6-py2.py3-none-any.whl (25 kB)
Using cached exceptiongroup-1.3.1-py3-none-any.whl (16 kB)
Using cached iniconfig-2.3.0-py3-none-any.whl (7.5 kB)
Using cached jsonschema_specifications-2025.9.1-py3-none-any.whl (18 kB)
Using cached keyring-25.7.0-py3-none-any.whl (39 kB)
Using cached importlib_metadata-9.0.1-py3-none-any.whl (27 kB)
Using cached pygments-2.21.0-py3-none-any.whl (1.3 MB)
Using cached pywin32_ctypes-0.2.3-py3-none-any.whl (30 kB)
Using cached readme_renderer-46.0-py3-none-any.whl (14 kB)
Using cached docutils-0.23-py3-none-any.whl (634 kB)
Using cached nh3-0.3.7-cp38-abi3-win_amd64.whl (644 kB)
Using cached referencing-0.37.0-py3-none-any.whl (26 kB)
Using cached requests-2.34.2-py3-none-any.whl (73 kB)
Using cached charset_normalizer-3.5.1-cp310-cp310-win_amd64.whl (206 kB)
Using cached idna-3.19-py3-none-any.whl (68 kB)
Using cached urllib3-2.7.0-py3-none-any.whl (131 kB)
Using cached certifi-2026.7.22-py3-none-any.whl (136 kB)
Using cached requests_toolbelt-1.0.0-py2.py3-none-any.whl (54 kB)
Using cached rfc3986-2.0.0-py2.py3-none-any.whl (31 kB)
Using cached rich-15.0.0-py3-none-any.whl (310 kB)
Using cached markdown_it_py-4.2.0-py3-none-any.whl (91 kB)
Using cached mdurl-0.1.2-py3-none-any.whl (10.0 kB)
Using cached rpds_py-0.30.0-cp310-cp310-win_amd64.whl (235 kB)
Using cached typing_extensions-4.16.0-py3-none-any.whl (45 kB)
Using cached zipp-4.1.0-py3-none-any.whl (10 kB)
Using cached id-1.6.1-py3-none-any.whl (14 kB)
Using cached jaraco.classes-3.4.0-py3-none-any.whl (6.8 kB)
Using cached jaraco_context-6.1.2-py3-none-any.whl (7.9 kB)
Using cached backports.tarfile-1.2.0-py3-none-any.whl (30 kB)
Using cached jaraco_functools-4.6.0-py3-none-any.whl (11 kB)
Using cached more_itertools-11.1.0-py3-none-any.whl (72 kB)
Using cached pyproject_hooks-1.2.0-py3-none-any.whl (10 kB)
Building wheels for collected packages: governance-ledger, cricore-contract-compiler
  Building editable for governance-ledger (pyproject.toml): started
  Building editable for governance-ledger (pyproject.toml): finished with status 'done'
  Created wheel for governance-ledger: filename=governance_ledger-0.9.0-0.editable-py3-none-any.whl size=18557 sha256=b2f4c4626c7f90a23203e0b7cfdd26ed4445997d487390af5f919ec6747356be
  Stored in directory: C:\Users\runneradmin\AppData\Local\Temp\pip-ephem-wheel-cache-ghb58tyg\wheels\b1\84\cf\403e890f47da061ddf7f8283d4a1155ee99d4c2a2339853310
  Building wheel for cricore-contract-compiler (pyproject.toml): started
  Building wheel for cricore-contract-compiler (pyproject.toml): finished with status 'done'
  Created wheel for cricore-contract-compiler: filename=cricore_contract_compiler-0.5.0-py3-none-any.whl size=20395 sha256=3cc6a9a34ba5e4b2ef5067a6e98c40b8315b3bd67bb9c7f821abf6b10f976218
  Stored in directory: c:\users\runneradmin\appdata\local\pip\cache\wheels\f0\fb\ef\933d2af2c093264e9c4ccf1b69c6c8d5a043ec70245f22ad62
Successfully built governance-ledger cricore-contract-compiler
Installing collected packages: zipp, wheel, urllib3, typing-extensions, tomli, setuptools, rpds-py, rfc3986, pywin32-ctypes, pyproject_hooks, pygments, pluggy, packaging, nh3, more-itertools, mdurl, iniconfig, idna, docutils, colorama, charset_normalizer, certifi, backports.tarfile, attrs, requests, referencing, readme-renderer, markdown-it-py, jaraco.functools, jaraco.context, jaraco.classes, importlib_metadata, id, exceptiongroup, build, rich, requests-toolbelt, pytest, keyring, jsonschema-specifications, twine, jsonschema, cricore-contract-compiler, governance-ledger
  Attempting uninstall: setuptools
    Found existing installation: setuptools 65.5.0
    Uninstalling setuptools-65.5.0:
      Successfully uninstalled setuptools-65.5.0

Successfully installed attrs-26.1.0 backports.tarfile-1.2.0 build-1.3.0 certifi-2026.7.22 charset_normalizer-3.5.1 colorama-0.4.6 cricore-contract-compiler-0.5.0 docutils-0.23 exceptiongroup-1.3.1 governance-ledger-0.9.0 id-1.6.1 idna-3.19 importlib_metadata-9.0.1 iniconfig-2.3.0 jaraco.classes-3.4.0 jaraco.context-6.1.2 jaraco.functools-4.6.0 jsonschema-4.25.1 jsonschema-specifications-2025.9.1 keyring-25.7.0 markdown-it-py-4.2.0 mdurl-0.1.2 more-itertools-11.1.0 nh3-0.3.7 packaging-25.0 pluggy-1.6.0 pygments-2.21.0 pyproject_hooks-1.2.0 pytest-8.4.2 pywin32-ctypes-0.2.3 readme-renderer-46.0 referencing-0.37.0 requests-2.34.2 requests-toolbelt-1.0.0 rfc3986-2.0.0 rich-15.0.0 rpds-py-0.30.0 setuptools-77.0.3 tomli-2.3.0 twine-6.2.0 typing-extensions-4.16.0 urllib3-2.7.0 wheel-0.45.1 zipp-4.1.0
