Linux-6.6.114.1-microsoft-standard-WSL2-x86_64-with-glibc2.41 3.14.7 (main, Sep  1 2026, 00:05:20) [GCC 14.2.0]
         0          0 4294967295

wheel_sha256=e220fd198f9b2106243346b110aea21ace56164ec048d49fc177c55d06601bc0
Processing ./guard/acceptance-output/release48/final-ci/action-policy-ubuntu-latest-3.14/package/waveframe_guard-0.18.0-py3-none-any.whl
Collecting pytest
  Downloading pytest-9.1.1-py3-none-any.whl.metadata (7.6 kB)
Collecting cricore-contract-compiler==0.4.0
  Downloading cricore_contract_compiler-0.4.0-py3-none-any.whl.metadata (10 kB)
Collecting cricore<0.15.0,>=0.13.0 (from waveframe-guard==0.18.0)
  Downloading cricore-0.14.0-py3-none-any.whl.metadata (9.2 kB)
Collecting cricore-proposal-normalizer<0.3.0,>=0.2.0 (from waveframe-guard==0.18.0)
  Downloading cricore_proposal_normalizer-0.2.0-py3-none-any.whl.metadata (4.6 kB)
Collecting governance-ledger<0.9.0,>=0.7.0 (from waveframe-guard==0.18.0)
  Downloading governance_ledger-0.8.0-py3-none-any.whl.metadata (35 kB)
Collecting requests<3.0.0,>=2.33.0 (from waveframe-guard==0.18.0)
  Downloading requests-2.34.2-py3-none-any.whl.metadata (4.8 kB)
Collecting jsonschema>=4 (from cricore-contract-compiler==0.4.0)
  Downloading jsonschema-4.26.0-py3-none-any.whl.metadata (7.6 kB)
Collecting charset_normalizer<4,>=2 (from requests<3.0.0,>=2.33.0->waveframe-guard==0.18.0)
  Downloading charset_normalizer-3.5.1-cp314-cp314-manylinux2014_x86_64.manylinux_2_17_x86_64.manylinux_2_28_x86_64.whl.metadata (45 kB)
Collecting idna<4,>=2.5 (from requests<3.0.0,>=2.33.0->waveframe-guard==0.18.0)
  Downloading idna-3.19-py3-none-any.whl.metadata (9.2 kB)
Collecting urllib3<3,>=1.26 (from requests<3.0.0,>=2.33.0->waveframe-guard==0.18.0)
  Downloading urllib3-2.7.0-py3-none-any.whl.metadata (6.9 kB)
Collecting certifi>=2023.5.7 (from requests<3.0.0,>=2.33.0->waveframe-guard==0.18.0)
  Downloading certifi-2026.7.22-py3-none-any.whl.metadata (2.5 kB)
Collecting iniconfig>=1.0.1 (from pytest)
  Downloading iniconfig-2.3.0-py3-none-any.whl.metadata (2.5 kB)
Collecting packaging>=22 (from pytest)
  Downloading packaging-26.3-py3-none-any.whl.metadata (3.5 kB)
Collecting pluggy<2,>=1.5 (from pytest)
  Downloading pluggy-1.6.0-py3-none-any.whl.metadata (4.8 kB)
Collecting pygments>=2.7.2 (from pytest)
  Downloading pygments-2.21.0-py3-none-any.whl.metadata (2.5 kB)
Collecting attrs>=22.2.0 (from jsonschema>=4->cricore-contract-compiler==0.4.0)
  Downloading attrs-26.1.0-py3-none-any.whl.metadata (8.8 kB)
Collecting jsonschema-specifications>=2023.03.6 (from jsonschema>=4->cricore-contract-compiler==0.4.0)
  Downloading jsonschema_specifications-2025.9.1-py3-none-any.whl.metadata (2.9 kB)
Collecting referencing>=0.28.4 (from jsonschema>=4->cricore-contract-compiler==0.4.0)
  Downloading referencing-0.37.0-py3-none-any.whl.metadata (2.8 kB)
Collecting rpds-py>=0.25.0 (from jsonschema>=4->cricore-contract-compiler==0.4.0)
  Downloading rpds_py-2026.6.3-cp314-cp314-manylinux_2_17_x86_64.manylinux2014_x86_64.whl.metadata (4.1 kB)
Downloading cricore_contract_compiler-0.4.0-py3-none-any.whl (13 kB)
Downloading cricore-0.14.0-py3-none-any.whl (45 kB)
Downloading cricore_proposal_normalizer-0.2.0-py3-none-any.whl (10 kB)
Downloading governance_ledger-0.8.0-py3-none-any.whl (179 kB)
Downloading requests-2.34.2-py3-none-any.whl (73 kB)
Downloading charset_normalizer-3.5.1-cp314-cp314-manylinux2014_x86_64.manylinux_2_17_x86_64.manylinux_2_28_x86_64.whl (251 kB)
Downloading idna-3.19-py3-none-any.whl (68 kB)
Downloading urllib3-2.7.0-py3-none-any.whl (131 kB)
Downloading pytest-9.1.1-py3-none-any.whl (386 kB)
Downloading pluggy-1.6.0-py3-none-any.whl (20 kB)
Downloading certifi-2026.7.22-py3-none-any.whl (136 kB)
Downloading iniconfig-2.3.0-py3-none-any.whl (7.5 kB)
Downloading jsonschema-4.26.0-py3-none-any.whl (90 kB)
Downloading attrs-26.1.0-py3-none-any.whl (67 kB)
Downloading jsonschema_specifications-2025.9.1-py3-none-any.whl (18 kB)
Downloading packaging-26.3-py3-none-any.whl (129 kB)
Downloading pygments-2.21.0-py3-none-any.whl (1.3 MB)
   ━━━━━━━━━━━━━━━━━━━━━━━━━━━━━━━━━━━━━━━━ 1.3/1.3 MB 17.9 MB/s  0:00:00
Downloading referencing-0.37.0-py3-none-any.whl (26 kB)
Downloading rpds_py-2026.6.3-cp314-cp314-manylinux_2_17_x86_64.manylinux2014_x86_64.whl (367 kB)
Installing collected packages: urllib3, rpds-py, pygments, pluggy, packaging, iniconfig, idna, cricore-proposal-normalizer, cricore, charset_normalizer, certifi, attrs, requests, referencing, pytest, jsonschema-specifications, jsonschema, cricore-contract-compiler, governance-ledger, waveframe-guard

Successfully installed attrs-26.1.0 certifi-2026.7.22 charset_normalizer-3.5.1 cricore-0.14.0 cricore-contract-compiler-0.4.0 cricore-proposal-normalizer-0.2.0 governance-ledger-0.8.0 idna-3.19 iniconfig-2.3.0 jsonschema-4.26.0 jsonschema-specifications-2025.9.1 packaging-26.3 pluggy-1.6.0 pygments-2.21.0 pytest-9.1.1 referencing-0.37.0 requests-2.34.2 rpds-py-2026.6.3 urllib3-2.7.0 waveframe-guard-0.18.0
WARNING: Running pip as the 'root' user can result in broken permissions and conflicting behaviour with the system package manager, possibly rendering your system unusable. It is recommended to use a virtual environment instead: https://pip.pypa.io/warnings/venv. Use the --root-user-action option if you know what you are doing and want to suppress this warning.
.                                                                        [100%]
1 passed in 0.19s
<?xml version="1.0" encoding="utf-8"?><testsuites name="pytest tests"><testsuite name="pytest" errors="0" failures="0" skipped="0" tests="1" time="0.195" timestamp="2026-09-13T02:03:56.259850+00:00" hostname="62b5393b69ba"><testcase classname="tests.test_repository_workspace" name="test_same_device_bind_mount_rejected_where_namespaces_available" time="0.155" /></testsuite></testsuites>
