{
  "python": "3.14.7 (tags/v3.14.7:823f032, Aug  5 2026, 10:51:32) [MSC v.1944 64 bit (AMD64)]",
  "executable": "D:\\a\\Waveframe-Ledger\\Waveframe-Ledger\\runtime\\issue25-combined\\guard-entry\\Scripts\\python.exe",
  "distributions": {
    "cricore-contract-compiler": {
      "version": "0.5.0",
      "module_paths": {
        "compiler": "D:\\a\\Waveframe-Ledger\\Waveframe-Ledger\\runtime\\issue25-combined\\guard-entry\\Lib\\site-packages\\compiler\\__init__.py"
      },
      "wheel_sha256": "d694470d77f8806b883255d8810a780de4f92824a8daa80b885d315d1198dd60",
      "direct_url": null,
      "origins": [
        {
          "url": "file:///D:/a/Waveframe-Ledger/Waveframe-Ledger/runtime/issue25-combined/wheelhouse/cricore_contract_compiler-0.5.0-py3-none-any.whl",
          "archive_info": {
            "hash": "sha256=d694470d77f8806b883255d8810a780de4f92824a8daa80b885d315d1198dd60",
            "hashes": {
              "sha256": "d694470d77f8806b883255d8810a780de4f92824a8daa80b885d315d1198dd60"
            }
          }
        }
      ],
      "installed_sha256": {
        "compiler/__init__.py": "a2e50fdb287b957b15590a9a4619ba5f580187b9ce26ca95b51e4f84a6743957",
        "compiler/_version.py": "bcb4491e60682d0b08fc1b520bf31ef0c7764ca7fb4e60d23c2766a6c0b5253a",
        "compiler/cli.py": "76ae98a49eb51959fd8d8a29ce5d231536ab81139397ecfba834a109da95dd36",
        "compiler/compile_action_policy.py": "e3459087c66b0faf2fd807afb504dccd04beb669107f87ebc9d9457d33b27331",
        "compiler/compile_policy.py": "fbeb11c69297160e50318cd4c96eda5213f23168d89d2f744ddd786331c9ce17",
        "compiler/compile_policy_file.py": "5426a4c23f1f2509282523e3b627685c22254ba3db993c8b0ca09f5789471436",
        "compiler/contract_hash.py": "737d2ab98f61a3959219010ee6e11db0ea7fb5da8d3dcaa48f27fcc6d18b0d37",
        "compiler/load_policy.py": "e43981793058e6b8d0e882557f897b5fddb7ccb1649fbe4a3075578478c10b58",
        "compiler/write_compiled_contract.py": "18ddd592918198811f09b82938558b0943fff0653d0bf8c621847c10fc32002c",
        "compiler/schemas/action_policy.schema.json": "5695cd1c2330778f099948cf2c92e1b6b2015ceb0007586b883e83cedd979a2c",
        "compiler/schemas/compiled_action_contract.schema.json": "f11f53593a641fb6f9518af33256d34b44885cb5410d9c2627c9bcf133072d33",
        "compiler/schemas/policy.schema.json": "d88499c1534f45298082784d4facd6a1599db300218eb9ec86e03db9f6fbb24f",
        "cricore_contract_compiler-0.5.0.dist-info/licenses/LICENSE": "1eb85fc97224598dad1852b5d6483bbcf0aa8608790dcc657a5a2a761ae9c8c6",
        "cricore_contract_compiler-0.5.0.dist-info/METADATA": "1506f14eac98959e62cf4a089b342c1ba3a459ac4549c76150b47a612cfd2de2",
        "cricore_contract_compiler-0.5.0.dist-info/WHEEL": "d6d5def606343d86adacc3cc0ddea35ea8dfa73fc1f96aa6df608f7d10b9f175",
        "cricore_contract_compiler-0.5.0.dist-info/entry_points.txt": "568dd1b0be38585fc3a2c1e9f1b0b617288a1b473a1a7f9d277eb9ec24d19abb",
        "cricore_contract_compiler-0.5.0.dist-info/top_level.txt": "850d9371d0ce2cb083d4075d7eec49f2f6f3c2bee5b58d0226b36028ae84efe0"
      }
    },
    "governance-ledger": {
      "version": "0.9.0",
      "module_paths": {
        "governance_ledger": "D:\\a\\Waveframe-Ledger\\Waveframe-Ledger\\runtime\\issue25-combined\\guard-entry\\Lib\\site-packages\\governance_ledger\\__init__.py"
      },
      "wheel_sha256": "d7710160038b107bc2aae83680b84c85cb11b149927c60c171a3ff6bb2059d82",
      "direct_url": null,
      "origins": [
        {
          "url": "file:///D:/a/Waveframe-Ledger/Waveframe-Ledger/runtime/issue25-combined/wheelhouse/governance_ledger-0.9.0-py3-none-any.whl",
          "archive_info": {
            "hash": "sha256=d7710160038b107bc2aae83680b84c85cb11b149927c60c171a3ff6bb2059d82",
            "hashes": {
              "sha256": "d7710160038b107bc2aae83680b84c85cb11b149927c60c171a3ff6bb2059d82"
            }
          }
        }
      ],
      "installed_sha256": {
        "governance_ledger/__init__.py": "3d04a35b4396e81d296642de183a5329c4be7ece9a13fc602f6dd061620497ad",
        "governance_ledger/action_policy.py": "33ee48ced27dc0b03efd560f524507f3af9412132fa97a1a00bad8c2c994ee49",
        "governance_ledger/action_policy_publication.py": "36e8e2c7a0c0b4aa289e076485cfd3742eb904cb06d05a851ffc391742d1858d",
        "governance_ledger/authority_contract.py": "be690d2b233cffa5810b470c718c824016701d66e01aacaa1c41a67d36945a14",
        "governance_ledger/checks.py": "746d5325343816e94e424ed3e3e44fc4306fc3e20f52b3f6051e9757f9daf473",
        "governance_ledger/cli.py": "6ef10e940de7989c38251a2c8287c3cb8c174f97688bf318a7d593ff413ea74e",
        "governance_ledger/constraint_ir.py": "4154fcbfc8e4e2d657d1e6c81272118d5d8f4a333d09d1f448a26435ecb8e907",
        "governance_ledger/contract_linkage.py": "7c873088c015340947792d31cd9f3a4ab41a0b998fe65815c55862bd6c1b6ac4",
        "governance_ledger/customer_policy.py": "54a696256845cbc6938d05a7f50d9a8a4932357e18f729d88eb0da8198946a39",
        "governance_ledger/deployment.py": "044ccf9a556d38926c6756509590f1d713d9becdb2195a74e3b8148a2aff5f99",
        "governance_ledger/diagnostics.py": "cc5e76c78971840b7ad0aaaf6596a73b861e66b18d2b325efe2b79dda9d5b4c0",
        "governance_ledger/diff.py": "e924b79dedac4e22966ebdcb538dacb012f0cda7269c43ae5b007f811d3b3472",
        "governance_ledger/domain_packs.py": "c0afd67a9ae2eb782f78ebcecf832466590f922073a9732fafe000d6b71527fc",
        "governance_ledger/domain_policy.py": "2c655a0974dcbe78feb394f6b0998251daefddcd5d46b983b37bf8f4fc8f175a",
        "governance_ledger/extract.py": "60b825740be774308870c62fe1ff9a35e7c180ae9f3c32aeb3601994c72e96ab",
        "governance_ledger/inspect.py": "f0cdae93c00b0c0d7f7907b90bf10ac36d59098b284f934d3dcf8729eefe559f",
        "governance_ledger/lifecycle.py": "78b4496174192662e9e2bd2507b2529d851b370961c88dbb20215cfa005baacc",
        "governance_ledger/normalization_report.py": "c566f17340f4c5e0821af8b8a6f0233f7e42b928c738fbd29be3c215297e23df",
        "governance_ledger/paths.py": "63d7bc2136ab4d96a612b486cffddc0a479c5cbcecc6cfc61dfee76702ec8c40",
        "governance_ledger/patterns.py": "19ea10833c58c9c8eb1db81fb3f79389066e9d33bcf715b94d0a03c30730eaee",
        "governance_ledger/pipeline.py": "7c83c49b7ea1f696ccf6c3d0d43f38414dee12bc699ebf768c17b8405afb8f9e",
        "governance_ledger/policy_translation.py": "973c1b3f39245b8dbbf00a18c236e7db8e02872092cb6241a0fc741fae6b4722",
        "governance_ledger/policy_translation_publication.py": "2743e63c51fe22ece53c17efcbf7bbf830f325560e9067f380f0657eb91ffbf9",
        "governance_ledger/provenance.py": "8ada748ae39beab2900b02ecdde4fae5567487934b7a6db3aff9bafd7296af9d",
        "governance_ledger/publication_provenance.py": "93cc5cbe60e9b4947faa2fec2fe75ec6681f264745d3b6a789258ea5e6aba283",
        "governance_ledger/publish.py": "a9ce0435a1636dceb01483432017e7ba47fb8875dc98102e98a59531f9b86842",
        "governance_ledger/registry.py": "1ec9a064359da6b52ad51bb2ab000f32367bc83b3acd1f111a0bbd0cee2dcbe5",
        "governance_ledger/replay.py": "0aa2c915d4c46adabaedd53b5ec0b3c9072e1a451a216cb5d124ff6c1b1ef3da",
        "governance_ledger/report.py": "d61eabdf7346f3cd25449a7dbcf4b5001d215a7d9cbc93c9052f86584139d345",
        "governance_ledger/review.py": "83daf797065738750ba780be975a1ecc90ac54d6e8832143e55a712de7dbbf62",
        "governance_ledger/rollback.py": "6facf283e99d537df43d2580b0a1640fff19ed0f1f4bb461690b96ba8ca679a0",
        "governance_ledger/runner.py": "bc8633e2ee80394c236aa281c854a64ee2df669645a1cc9d3d8d3795224d559d",
        "governance_ledger/schema_versions.py": "c79c46c2d552fdcd8298dfc0a3d3d12047e5244b10f4f92fc95903f063622c07",
        "governance_ledger/snapshot.py": "1e798b92b33f678a41479b2c4bce3ec56b385e81f270c031d1da0990f71656b8",
        "governance_ledger/statement_normalizer.py": "cf1078133609ae55f53f880930b0235a8141f6a2d55957727a1ebac3af0b0de5",
        "governance_ledger/summary.py": "f6cd43c21d758e8c5ad11177aae67209443a68b925f169d3a1deea8485fff15b",
        "governance_ledger/validation.py": "0ffa8fe55428447cc98b1a9a78d3b4f1d3e2908a0db8f50f59d6a42b3d9b567d",
        "governance_ledger/integrations/__init__.py": "48499df443351f49b774c0456d6132660fd27a0fed80f6d83d219d108c961c79",
        "governance_ledger/integrations/guard.py": "c2b915a3cb797af9b648c5577b02578ae7198dbdeebfae1e13e8435974821feb",
        "governance_ledger/semantics/__init__.py": "45d7866b09b3d1c84a94e7c55c6984ccf818fbe46522835202230ce8988f729b",
        "governance_ledger/semantics/capabilities.py": "1713c28379135266f0c0b737b3d308c26a87dfe4980e29bef2314a3de2286549",
        "governance_ledger/semantics/compiler.py": "6dba8c073c3ef8bc3d143829e74b7e9d85513720c06fd8b8025f3d2dd2100777",
        "governance_ledger/semantics/consequences.py": "30271041fb2a6aa8aa1da3a93ab1366c7b6c6d3d30e08f14753fa463a136b542",
        "governance_ledger/semantics/continuity.py": "cd40d613371de3c43329440d3061ae230ce564f3f08afd46910e2852dd7b00c2",
        "governance_ledger/semantics/diagnostics.py": "1a94d898cd598c3215ace8fb74718f6fe7392e0005965c30355d74722383240c",
        "governance_ledger/semantics/diff.py": "b87c863a9842bd5158d6b067a3d0d18ab3dc83b8f4f28bd8882c4f5463206d90",
        "governance_ledger/semantics/diffing.py": "25ed7e9fc73237f8d378fbf388935b2af1296ec9a49b01f52df3d18b8813b9c6",
        "governance_ledger/semantics/execution_projection.py": "9d5dc0e488b048377f9f27397d042a53d5c4f1c5798d144ca4555505611db264",
        "governance_ledger/semantics/extraction.py": "b943e862952d2aea7b0c02b4503a26f28cc9ce34124f294270885f58ddde92b9",
        "governance_ledger/semantics/lifecycle.py": "998eb8304e3510d70b4e983f0221f14cb631651ced6cdc933b40b7c10f66d9c9",
        "governance_ledger/semantics/lifecycle_enforcement.py": "979de12e62f391a33d282d8b6f110bd3cb23a7565ade053c058e3e1e8f815d17",
        "governance_ledger/semantics/packets.py": "9089d0992d6b6ae8f2757ece4479748b1c490510f227949f267a266c3db0ab1e",
        "governance_ledger/semantics/preview.py": "06790443493336e0210f5ec3fb747473d4fb9dbf9c0a802b6a88e30cf63dd6b8",
        "governance_ledger/semantics/publication.py": "f0264decb80fa18541743571417cdb1044bb57193ec6ef2008b9ef83e9fe5de4",
        "governance_ledger/semantics/reconciliation.py": "fb43676e2b38ef9d0561db40a9b91bdc250f1016d42eeebdf759da2e95fef58b",
        "governance_ledger/semantics/summaries.py": "46e4a59c6cde735116026905e108ad640dbcdf8ff0f848f7f72e757fe8b31dc6",
        "governance_ledger-0.9.0.dist-info/licenses/LICENSE": "1eb85fc97224598dad1852b5d6483bbcf0aa8608790dcc657a5a2a761ae9c8c6",
        "governance_ledger-0.9.0.dist-info/METADATA": "2f8a8410012ee298d87d41b14583c8d8309d7701cd927079f176c30584c80126",
        "governance_ledger-0.9.0.dist-info/WHEEL": "d6d5def606343d86adacc3cc0ddea35ea8dfa73fc1f96aa6df608f7d10b9f175",
        "governance_ledger-0.9.0.dist-info/entry_points.txt": "5a3079476d1de26597f393f03beba394b45206878cd2059514330e66ec573613",
        "governance_ledger-0.9.0.dist-info/top_level.txt": "7f17bdcf670788531d2646b90a13fe99e9a149faddff623ca19c965920662c58"
      }
    },
    "waveframe-guard": {
      "version": "0.19.0",
      "module_paths": {
        "waveframe_guard": "D:\\a\\Waveframe-Ledger\\Waveframe-Ledger\\runtime\\issue25-combined\\guard-entry\\Lib\\site-packages\\waveframe_guard\\__init__.py",
        "guard": "D:\\a\\Waveframe-Ledger\\Waveframe-Ledger\\runtime\\issue25-combined\\guard-entry\\Lib\\site-packages\\guard\\__init__.py"
      },
      "wheel_sha256": "57e3a468c1708fb32de8907d8cdc0d0612a551195eb5d0db43334a98917cddab",
      "direct_url": {
        "archive_info": {
          "hash": "sha256=57e3a468c1708fb32de8907d8cdc0d0612a551195eb5d0db43334a98917cddab",
          "hashes": {
            "sha256": "57e3a468c1708fb32de8907d8cdc0d0612a551195eb5d0db43334a98917cddab"
          }
        },
        "url": "file:///D:/a/Waveframe-Ledger/Waveframe-Ledger/runtime/issue25-combined/wheelhouse/waveframe_guard-0.19.0-py3-none-any.whl"
      },
      "origins": [
        {
          "archive_info": {
            "hash": "sha256=57e3a468c1708fb32de8907d8cdc0d0612a551195eb5d0db43334a98917cddab",
            "hashes": {
              "sha256": "57e3a468c1708fb32de8907d8cdc0d0612a551195eb5d0db43334a98917cddab"
            }
          },
          "url": "file:///D:/a/Waveframe-Ledger/Waveframe-Ledger/runtime/issue25-combined/wheelhouse/waveframe_guard-0.19.0-py3-none-any.whl"
        },
        {
          "url": "file:///D:/a/Waveframe-Ledger/Waveframe-Ledger/runtime/issue25-combined/wheelhouse/waveframe_guard-0.19.0-py3-none-any.whl",
          "archive_info": {
            "hash": "sha256=57e3a468c1708fb32de8907d8cdc0d0612a551195eb5d0db43334a98917cddab",
            "hashes": {
              "sha256": "57e3a468c1708fb32de8907d8cdc0d0612a551195eb5d0db43334a98917cddab"
            }
          }
        }
      ],
      "installed_sha256": {
        "guard/__init__.py": "afab3073b8c1a47e7db0a8903b7bc33fce719227675eb45d1b0a3a2f24eeeff0",
        "guard/adapters/__init__.py": "3b85b7ea73dd04036389faf83e3354da8c1692f31a3152ab00be28ae21d2bd74",
        "guard/adapters/compiled_authority.py": "e82dda24b7ba7644ce73e3a26053feb906e6ad91d35e481cc633faf083a219f1",
        "guard/adapters/proposal_normalizer.py": "72c30aaf48ab3366d755d2c633f8e64b0a2db0794f7e55c5373bdaf89e0d6971",
        "guard/adapters/upstream_semantics.py": "48b5e9163feb4fa3b38dde269d9580cabfa68404e0a2a3be826fb80737d320a7",
        "guard/cognition/__init__.py": "a9fccbf388caf6d5efd93bb709da6c3ac15ab9ebd4f52acfa0078431aabcad81",
        "guard/cognition/admissibility.py": "0456bceed5a759bd82d4c84d2f806e93800d5a34fcfc961913c4d41fcab78bbf",
        "guard/enforcement/__init__.py": "5856bed3d8f70a7a517fc136b14e0935d10f1a5c4dfc3aa80ea63040d51d7be6",
        "guard/enforcement/chronology.py": "f64edc5cf96f86cdbf126abe8c9e425bac8f117b1974d136e0433e5c70838d95",
        "guard/projections/__init__.py": "81c27387d03487a3e875c8ad9c52dd555e8a3585b7555c52347e12ea6db1148d",
        "guard/projections/execution.py": "16b5afa480a36938d28683dd2017bec49469a9192594051c990285e48dae71c2",
        "guard/runtime/__init__.py": "57aa528b5e60a127ebede2e4b5b7a26acec10da26e6bd16708e63b8acf193e73",
        "guard/runtime/builders.py": "2a06c42efb3f9ce28b51ecd55f5b5bc561b22c330b5a493414056abfd9ccb9c8",
        "guard/runtime/continuation.py": "3e726e04bfd2d14ae192751232774020ff01274646dc33014dea4a7c6f59b5ec",
        "guard/runtime/dependencies.py": "16225751a5ef8dd36d21547a2afb45613487b44fabb6206317e9f5f5e334353e",
        "guard/runtime/evaluation.py": "45a0cf1b3e9b36b0269c1c92acf1f5ea3c420b6c0cf58168819eea153f3f5105",
        "guard/runtime/evidence.py": "4b9e87b78fe886059994b926cb61e30df8c7b1f49e9f71cab01f88bb18c30ed5",
        "guard/runtime/identity.py": "61edee71f56edbddef4f67b2a815b7e5007720a1f223fe204c903647b2be7e9d",
        "guard/runtime/organization.py": "1d3c43533a2eb506abeb29681896f7a19bf619a655f56f800d4b871f20a6f8ac",
        "guard/sdk/__init__.py": "b67d7f77cef87d05164614cfffb584971c409762d8aa77223a62920e081efd72",
        "guard/sdk/adapters.py": "bb531c428ea7f271e24a8c16ae7e60b023758ed9a6de80ed066d414423abf068",
        "guard/sdk/authority_source.py": "8b699f6404feff0b79dfc9a0e18b8d06fff3c04d3109bdce31d902d4ed15d4b0",
        "guard/sdk/cleanup_local.py": "9db66e91e88a4fe4b56727b137ccca21058b08a5df002ccd38d5a30cfc0f3205",
        "guard/sdk/execution.py": "9da9cef8425477e37bda3ad0341a855f382d82d2fa841a561ab4f433f7b072a2",
        "guard/sdk/guard.py": "8b0aae16fabfc26bfc12a57ebbfe0134f2e9624e3b699ba734871166aec47f29",
        "guard/sdk/local_persistence.py": "7438efe07ecf8b52e8f05cb08fa85577e6e3427bfdad5aa7df0d8e225a254b08",
        "guard/sdk/repository_boundary.py": "af4744354454096bf4072ce94a38aeb8650495daf4a8f96065e7f7f3f9208846",
        "guard/sdk/repository_evidence.py": "70111ae07f863768eeb4080afd45458c081120399753e9010c73364f8c5716e1",
        "guard/sdk/target_binding.py": "9a02bec42d5f30529d828a2719c724ec3a3354a2723c75b5964d9b08e081a7e5",
        "guard/telemetry/__init__.py": "dac48ed10bf16b83bde72e07f548d64f0c3c4c3fe61ebf170d051b939956fbb1",
        "guard/telemetry/events.py": "a5cce66cebbccb662d91f24c3c305481fccf931578e81bd922dccc87da3dc563",
        "waveframe_guard/__init__.py": "c9228555770cbd172079433152fed0227a39f65acf116c540728c7a039a542a7",
        "waveframe_guard/_client.py": "58dda9b714a2f68416168a4b340af6a84c62a6472bfc767255accfbc5d943c55",
        "waveframe_guard/context.py": "d3c3ac9023ec2ace6ee20de7283dbd9c656cb28aae5700a99bc7f261b1a8484d",
        "waveframe_guard/contracts.py": "582f5ba0dbe3489cf07b7b6511025c34b50442cb761acae0e2b1600b079ea6ee",
        "waveframe_guard/execute.py": "3deece2ab29ca8c72b70accad14336161bc424753b94a0293d67612f5180bc6e",
        "waveframe_guard/guard.py": "a003afecd4a05aee832084e519b65b1e29e66f6c861800f79b29d5b84e299342",
        "waveframe_guard/result.py": "c26c0e333fc840ceb09aee0331df64075e79f8230402674ea74ae902be769777",
        "waveframe_guard/runtime.py": "8bc22c21462e38aa47d677b73c7cb40cff76bbb5e3052f0144b827ad6e2bdc97",
        "waveframe_guard/schemas.py": "072d2486c363ce95bc87f50945a42107da1f30d671657bdfe237c3c02d36b85f",
        "waveframe_guard/authority/__init__.py": "cb45d9d24e850dd18adfa4c6196a31c9bcb447ff566722846b0f94695a56ba73",
        "waveframe_guard/authority/cache.py": "a27826a2569926ac06e9dfd89ae5322a4cf7bde82b4a28fd20219583baec0902",
        "waveframe_guard/authority/development.py": "496fc46a9ef6668c120b9f6da51c3a1bb679fc91741e2141b573380f7f9467e8",
        "waveframe_guard/authority/exceptions.py": "9ca8cfc21495c4bf6387c27104179183810a65e11ddfbd17734c1d281c045f4c",
        "waveframe_guard/authority/generations.py": "fc82dca54622fea4f766c638643c9f846cc9c4cc6cf4ac879d38da65b79c5a17",
        "waveframe_guard/authority/loader.py": "193706e520f0fac5309c9fefd3347310f8d3974aedc9d6fec0d1603b027b2f1f",
        "waveframe_guard/authority/replay.py": "7804e86ead2404a4190313ee63010d34e66961e33230b4b0ea6df0e80d4619e2",
        "waveframe_guard/authority/resolver.py": "e046cac1010a0a6bf4e0aaedd6beba4f88024c08be34be9bd0f90cb7e91b2464",
        "waveframe_guard/authority/runtime_facts.py": "397675fe39d3fd98bb78c89a85eaa3b0b8b1e61295407ef3bf47c1c9b3493a81",
        "waveframe_guard/authority/types.py": "03c1a18fdaa8d54b3fceef19a55ac80ba7665fdf318dce1aa90e3b6759cdbc80",
        "waveframe_guard/authority/verifier.py": "35b6c9fee0d47ad5d060927dca430c81e58e586a40a2001efcd26f6d2061f773",
        "waveframe_guard/authority/adapters/__init__.py": "82398a3c07f4be9c51878381021b903d7dee53b772352c4966211fabedf0771e",
        "waveframe_guard/authority/adapters/common.py": "99a32e5f260184112716a2286ab9a32bfc56cef0ed278b74bd7dcb53e5f027e3",
        "waveframe_guard/authority/adapters/local_registry.py": "f220488ec71a037ba895e9dea7f47e9ad99c956af03e317ed4ab747a7df10de6",
        "waveframe_guard/authority/adapters/memory.py": "69a8157deffd3a6a1a956723c2688665906510f94736372793b1d8aa2a3c8a83",
        "waveframe_guard/cloud/__init__.py": "6d3ebe4f61f137cd2d38c3be667e43583de42b36ace5d8976304980faee2239f",
        "waveframe_guard/cloud/client.py": "364552700d484dbdcbc4ad6e46418100910140b2cc94bc8322f6a5a656997587",
        "waveframe_guard/cloud/publication.py": "00a9e7a43cbe735551d1eecd8d74ae3f554eb5ed5b813c32c50ad41058e8f27d",
        "waveframe_guard/quickstarts/__init__.py": "56f1c1754f0eeaff7762968126c1882f722085c01617c8a103cd794b543cebee",
        "waveframe_guard/quickstarts/external_agent.py": "18c144f43f4c2f82a03de0977c92b136ed7252e42e3a8f5309ade5ea82442c25",
        "waveframe_guard/server/__init__.py": "72d1942e8f354de7471afa7ac0609b62c29364776ec71defb45a1b9f9e7d9d58",
        "waveframe_guard/server/local_api.py": "8179773c786c11ea9fdd5e062c886e31dcdeeb91943a9a163109e34ac36f4bdf",
        "waveframe_guard-0.19.0.data/data/share/doc/waveframe-guard/README.md": "4ea800fcee4d4827d3f29b4ce1951e261203d70a31f7ce8e1f2d46466b72ae87",
        "waveframe_guard-0.19.0.data/data/share/doc/waveframe-guard/SECURITY.md": "1679ab73046d61a5274e18d318442cdcc95290bc021ab783a72cb6b9eb507c4a",
        "waveframe_guard-0.19.0.data/data/share/doc/waveframe-guard/docs/architecture/REPOSITORY_WORKSPACE.md": "5166221eb159572d5cf1f27c5d203be2a0310bdc8f9946cb2a02d1ac162f7399",
        "waveframe_guard-0.19.0.data/data/share/doc/waveframe-guard/docs/getting-started/README.md": "581868f5348050874261e3abc384e0a284ad8a50cf1e75b6416126aa1b2175bc",
        "waveframe_guard-0.19.0.dist-info/licenses/LICENSE": "3ddf9be5c28fe27dad143a5dc76eea25222ad1dd68934a047064e56ed2fa40c5",
        "waveframe_guard-0.19.0.dist-info/licenses/NOTICE": "9c6fb7c1d52c9919409fa6527fcfcedbf384bd5cd358f176c1e9163be70f3262",
        "waveframe_guard-0.19.0.dist-info/METADATA": "8af62d8f0127c86b28eae11ee28e11ca455904a7040c2244695db73eea895332",
        "waveframe_guard-0.19.0.dist-info/WHEEL": "61532836a2b3111b7ec23519c09df7c41180c27165fb872a6d8913b566b88ad1",
        "waveframe_guard-0.19.0.dist-info/entry_points.txt": "161b5758a240b5388ddd4c8c0a19ec1ba069b1581824e911ade459990ba14fbe",
        "waveframe_guard-0.19.0.dist-info/top_level.txt": "fecb38fb1dc789d05ccc1718a0a6b0f70633224dc5a464884bd95b73105c03fe"
      }
    }
  }
}
