ssssssssssssssssssssssssssssssssssssssssssss............................ [ 10%]
........................................................................ [ 20%]
........................................................................ [ 30%]
........................................................................ [ 40%]
.............................................s..................s....... [ 50%]
........................................................................ [ 60%]
........................................................................ [ 70%]
........................................................................ [ 80%]
........................................................................ [ 90%]
........................................................................ [100%]
- generated xml file: /home/runner/work/Waveframe-Ledger/Waveframe-Ledger/runtime/issue25-base/installed-default.xml -
=========================== short test summary info ============================
SKIPPED [1] tests/test_guard_optional_compatibility.py:11: could not import 'waveframe_guard': No module named 'waveframe_guard'
SKIPPED [1] tests/test_action_policy_v4.py:50: explicit action-policy development opt-in required; see docs/ACTION_POLICY_DEVELOPMENT.md
SKIPPED [3] tests/test_action_policy_v4.py:55: explicit action-policy development opt-in required; see docs/ACTION_POLICY_DEVELOPMENT.md
SKIPPED [1] tests/test_action_policy_v4.py:88: explicit action-policy development opt-in required; see docs/ACTION_POLICY_DEVELOPMENT.md
SKIPPED [1] tests/test_action_policy_v4.py:101: explicit action-policy development opt-in required; see docs/ACTION_POLICY_DEVELOPMENT.md
SKIPPED [1] tests/test_action_policy_v4.py:128: explicit action-policy development opt-in required; see docs/ACTION_POLICY_DEVELOPMENT.md
SKIPPED [1] tests/test_action_policy_v4.py:144: explicit action-policy development opt-in required; see docs/ACTION_POLICY_DEVELOPMENT.md
SKIPPED [5] tests/test_action_policy_v4.py:168: explicit action-policy development opt-in required; see docs/ACTION_POLICY_DEVELOPMENT.md
SKIPPED [2] tests/test_action_policy_v4.py:179: explicit action-policy development opt-in required; see docs/ACTION_POLICY_DEVELOPMENT.md
SKIPPED [1] tests/test_action_policy_v4.py:193: explicit action-policy development opt-in required; see docs/ACTION_POLICY_DEVELOPMENT.md
SKIPPED [1] tests/test_action_policy_v4.py:201: explicit action-policy development opt-in required; see docs/ACTION_POLICY_DEVELOPMENT.md
SKIPPED [9] tests/test_action_policy_v4.py:211: explicit action-policy development opt-in required; see docs/ACTION_POLICY_DEVELOPMENT.md
SKIPPED [1] tests/test_action_policy_v4.py:231: explicit action-policy development opt-in required; see docs/ACTION_POLICY_DEVELOPMENT.md
SKIPPED [1] tests/test_action_policy_v4.py:238: explicit action-policy development opt-in required; see docs/ACTION_POLICY_DEVELOPMENT.md
SKIPPED [5] tests/test_action_policy_v4.py:252: explicit action-policy development opt-in required; see docs/ACTION_POLICY_DEVELOPMENT.md
SKIPPED [5] tests/test_action_policy_v4.py:262: explicit action-policy development opt-in required; see docs/ACTION_POLICY_DEVELOPMENT.md
SKIPPED [1] tests/test_action_policy_v4.py:272: explicit action-policy development opt-in required; see docs/ACTION_POLICY_DEVELOPMENT.md
SKIPPED [1] tests/test_action_policy_v4.py:278: explicit action-policy development opt-in required; see docs/ACTION_POLICY_DEVELOPMENT.md
SKIPPED [1] tests/test_action_policy_v4.py:292: explicit action-policy development opt-in required; see docs/ACTION_POLICY_DEVELOPMENT.md
SKIPPED [1] tests/test_action_policy_v4.py:304: explicit action-policy development opt-in required; see docs/ACTION_POLICY_DEVELOPMENT.md
SKIPPED [1] tests/test_action_policy_v4.py:320: explicit action-policy development opt-in required; see docs/ACTION_POLICY_DEVELOPMENT.md
SKIPPED [1] tests/test_action_policy_v4.py:329: explicit action-policy development opt-in required; see docs/ACTION_POLICY_DEVELOPMENT.md
SKIPPED [1] tests/test_policy_translation.py:1105: could not import 'waveframe_guard': No module named 'waveframe_guard'
SKIPPED [1] tests/test_policy_translation_publication_v3.py:446: could not import 'waveframe_guard': No module named 'waveframe_guard'
674 passed, 47 skipped in 28.14s
