{
  "version": "0.5.0",
  "module_path": "/home/runner/work/Waveframe-Ledger/Waveframe-Ledger/runtime/issue25-base/source/lib/python3.10/site-packages/compiler/__init__.py",
  "direct_url": {
    "url": "https://github.com/Waveframe-Labs/cricore-contract-compiler.git",
    "vcs_info": {
      "commit_id": "ae590dee058d3481e384dea850d5b7d980f533ff",
      "requested_revision": "ae590dee058d3481e384dea850d5b7d980f533ff",
      "vcs": "git"
    }
  },
  "installed_sha256": {
    "../../../bin/cricore-compile-policy": "6c980feb4963ee774d8fd17b4f15f2f611f0c003e70263455e19dd789960b75d",
    "compiler/__init__.py": "d33ef4350586db178f49e89140a027c9675866ab984f386ced23bf9724241906",
    "compiler/_version.py": "baadc4c29d40955275eb108bf2b971b7e5833b30494e0e7a517cbbd54cf68afa",
    "compiler/cli.py": "f943f5ca1c437f4cb3ac47e484611cfca5e0c3a95660796768156ab73ad66adf",
    "compiler/compile_action_policy.py": "d6698884389054220bc4f2c0e526aa3550898291b1db44bdb596b46d2fed44db",
    "compiler/compile_policy.py": "56e7c4853d913a926a4fba736ac024de0b0f1d40626bd5b5acb98cd2912b5f93",
    "compiler/compile_policy_file.py": "82020fc93ff24ee1cd1148e56e9cff661e3db7b95f940ecedce8a7fcab228034",
    "compiler/contract_hash.py": "dfc844b556f5643feebab5f0f6775ad91f67e588fa8fc864391fc91ca009c69a",
    "compiler/load_policy.py": "ac41d667b3ce398df171c63305b58675ab6592038cf21a438e0b262ff1f7d874",
    "compiler/schemas/action_policy.schema.json": "54e1a48d3b1f9801e46323ec15a3dacc668df193e61766328b0c34de4827f298",
    "compiler/schemas/compiled_action_contract.schema.json": "c18822b4d0690daa7164d390e835816b47ccf9c27db85373224b31c0a6f77ada",
    "compiler/schemas/policy.schema.json": "6f011b1fb3f6c630d9a43013ad93d0fe7f7af2af0b034cc07edd53f3400c7988",
    "compiler/write_compiled_contract.py": "1c5f0952634fe894d6ee67318c3342f8a5e465926528588080e6d728b48de276",
    "cricore_contract_compiler-0.5.0.dist-info/INSTALLER": "ceebae7b8927a3227e5303cf5e0f1f7b34bb542ad7250ac03fbcde36ec2f1508",
    "cricore_contract_compiler-0.5.0.dist-info/METADATA": "7bcd356fd70ac0699c4243d0be53d957cb45508f461f3fa064610c045d9da231",
    "cricore_contract_compiler-0.5.0.dist-info/RECORD": "b681aa9faa0a0893b6417b37595c0d26d5fbc6f2970450d3b4bd7a32d876ad24",
    "cricore_contract_compiler-0.5.0.dist-info/REQUESTED": "e3b0c44298fc1c149afbf4c8996fb92427ae41e4649b934ca495991b7852b855",
    "cricore_contract_compiler-0.5.0.dist-info/WHEEL": "d6d5def606343d86adacc3cc0ddea35ea8dfa73fc1f96aa6df608f7d10b9f175",
    "cricore_contract_compiler-0.5.0.dist-info/direct_url.json": "d2ce17ff98f86165d72a05c7786dc6c198045b4b03b72069139cbad0f3df0686",
    "cricore_contract_compiler-0.5.0.dist-info/entry_points.txt": "568dd1b0be38585fc3a2c1e9f1b0b617288a1b473a1a7f9d277eb9ec24d19abb",
    "cricore_contract_compiler-0.5.0.dist-info/licenses/LICENSE": "c71d239df91726fc519c6eb72d318ec65820627232b2f796219e87dcf35d0ab4",
    "cricore_contract_compiler-0.5.0.dist-info/top_level.txt": "850d9371d0ce2cb083d4075d7eec49f2f6f3c2bee5b58d0226b36028ae84efe0"
  }
}
